Archive member included to satisfy reference by file (symbol)

c:/st/stm32cubeide_1.5.1/stm32cubeide/plugins/com.st.stm32cube.ide.mcu.externaltools.gnu-tools-for-stm32.9-2020-q2-update.win32_2.0.0.202105311346/tools/bin/../lib/gcc/arm-none-eabi/9.3.1/../../../../arm-none-eabi/lib/thumb/v7e-m/nofp\libc_nano.a(lib_a-errno.o)
                              ./Core/Src/syscalls.o (__errno)
c:/st/stm32cubeide_1.5.1/stm32cubeide/plugins/com.st.stm32cube.ide.mcu.externaltools.gnu-tools-for-stm32.9-2020-q2-update.win32_2.0.0.202105311346/tools/bin/../lib/gcc/arm-none-eabi/9.3.1/../../../../arm-none-eabi/lib/thumb/v7e-m/nofp\libc_nano.a(lib_a-exit.o)
                              c:/st/stm32cubeide_1.5.1/stm32cubeide/plugins/com.st.stm32cube.ide.mcu.externaltools.gnu-tools-for-stm32.9-2020-q2-update.win32_2.0.0.202105311346/tools/bin/../lib/gcc/arm-none-eabi/9.3.1/../../../../arm-none-eabi/lib/thumb/v7e-m/nofp/crt0.o (exit)
c:/st/stm32cubeide_1.5.1/stm32cubeide/plugins/com.st.stm32cube.ide.mcu.externaltools.gnu-tools-for-stm32.9-2020-q2-update.win32_2.0.0.202105311346/tools/bin/../lib/gcc/arm-none-eabi/9.3.1/../../../../arm-none-eabi/lib/thumb/v7e-m/nofp\libc_nano.a(lib_a-impure.o)
                              c:/st/stm32cubeide_1.5.1/stm32cubeide/plugins/com.st.stm32cube.ide.mcu.externaltools.gnu-tools-for-stm32.9-2020-q2-update.win32_2.0.0.202105311346/tools/bin/../lib/gcc/arm-none-eabi/9.3.1/../../../../arm-none-eabi/lib/thumb/v7e-m/nofp\libc_nano.a(lib_a-exit.o) (_global_impure_ptr)
c:/st/stm32cubeide_1.5.1/stm32cubeide/plugins/com.st.stm32cube.ide.mcu.externaltools.gnu-tools-for-stm32.9-2020-q2-update.win32_2.0.0.202105311346/tools/bin/../lib/gcc/arm-none-eabi/9.3.1/../../../../arm-none-eabi/lib/thumb/v7e-m/nofp\libc_nano.a(lib_a-init.o)
                              c:/st/stm32cubeide_1.5.1/stm32cubeide/plugins/com.st.stm32cube.ide.mcu.externaltools.gnu-tools-for-stm32.9-2020-q2-update.win32_2.0.0.202105311346/tools/bin/../lib/gcc/arm-none-eabi/9.3.1/../../../../arm-none-eabi/lib/thumb/v7e-m/nofp/crt0.o (__libc_init_array)
c:/st/stm32cubeide_1.5.1/stm32cubeide/plugins/com.st.stm32cube.ide.mcu.externaltools.gnu-tools-for-stm32.9-2020-q2-update.win32_2.0.0.202105311346/tools/bin/../lib/gcc/arm-none-eabi/9.3.1/../../../../arm-none-eabi/lib/thumb/v7e-m/nofp\libc_nano.a(lib_a-memset.o)
                              c:/st/stm32cubeide_1.5.1/stm32cubeide/plugins/com.st.stm32cube.ide.mcu.externaltools.gnu-tools-for-stm32.9-2020-q2-update.win32_2.0.0.202105311346/tools/bin/../lib/gcc/arm-none-eabi/9.3.1/../../../../arm-none-eabi/lib/thumb/v7e-m/nofp/crt0.o (memset)
c:/st/stm32cubeide_1.5.1/stm32cubeide/plugins/com.st.stm32cube.ide.mcu.externaltools.gnu-tools-for-stm32.9-2020-q2-update.win32_2.0.0.202105311346/tools/bin/../lib/gcc/arm-none-eabi/9.3.1/../../../../arm-none-eabi/lib/thumb/v7e-m/nofp\libc_nano.a(lib_a-nano-vfprintf_float.o)
                              (_printf_float)
c:/st/stm32cubeide_1.5.1/stm32cubeide/plugins/com.st.stm32cube.ide.mcu.externaltools.gnu-tools-for-stm32.9-2020-q2-update.win32_2.0.0.202105311346/tools/bin/../lib/gcc/arm-none-eabi/9.3.1/../../../../arm-none-eabi/lib/thumb/v7e-m/nofp\libc_nano.a(lib_a-nano-vfprintf_i.o)
                              c:/st/stm32cubeide_1.5.1/stm32cubeide/plugins/com.st.stm32cube.ide.mcu.externaltools.gnu-tools-for-stm32.9-2020-q2-update.win32_2.0.0.202105311346/tools/bin/../lib/gcc/arm-none-eabi/9.3.1/../../../../arm-none-eabi/lib/thumb/v7e-m/nofp\libc_nano.a(lib_a-nano-vfprintf_float.o) (_printf_common)
c:/st/stm32cubeide_1.5.1/stm32cubeide/plugins/com.st.stm32cube.ide.mcu.externaltools.gnu-tools-for-stm32.9-2020-q2-update.win32_2.0.0.202105311346/tools/bin/../lib/gcc/arm-none-eabi/9.3.1/../../../../arm-none-eabi/lib/thumb/v7e-m/nofp\libc_nano.a(lib_a-sprintf.o)
                              ./Core/Src/communication.o (sprintf)
c:/st/stm32cubeide_1.5.1/stm32cubeide/plugins/com.st.stm32cube.ide.mcu.externaltools.gnu-tools-for-stm32.9-2020-q2-update.win32_2.0.0.202105311346/tools/bin/../lib/gcc/arm-none-eabi/9.3.1/../../../../arm-none-eabi/lib/thumb/v7e-m/nofp\libc_nano.a(lib_a-strlen.o)
                              c:/st/stm32cubeide_1.5.1/stm32cubeide/plugins/com.st.stm32cube.ide.mcu.externaltools.gnu-tools-for-stm32.9-2020-q2-update.win32_2.0.0.202105311346/tools/bin/../lib/gcc/arm-none-eabi/9.3.1/../../../../arm-none-eabi/lib/thumb/v7e-m/nofp\libc_nano.a(lib_a-nano-vfprintf_float.o) (strlen)
c:/st/stm32cubeide_1.5.1/stm32cubeide/plugins/com.st.stm32cube.ide.mcu.externaltools.gnu-tools-for-stm32.9-2020-q2-update.win32_2.0.0.202105311346/tools/bin/../lib/gcc/arm-none-eabi/9.3.1/../../../../arm-none-eabi/lib/thumb/v7e-m/nofp\libc_nano.a(lib_a-dtoa.o)
[...]
Memory Configuration

Name             Origin             Length             Attributes
RAM              0x0000000020000000 0x0000000000008000 xrw
FLASH            0x0000000008000000 0x0000000000020000 xr
*default*        0x0000000000000000 0xffffffffffffffff

Linker script and memory map

LOAD c:/st/stm32cubeide_1.5.1/stm32cubeide/plugins/com.st.stm32cube.ide.mcu.externaltools.gnu-tools-for-stm32.9-2020-q2-update.win32_2.0.0.202105311346/tools/bin/../lib/gcc/arm-none-eabi/9.3.1/thumb/v7e-m/nofp/crti.o
LOAD c:/st/stm32cubeide_1.5.1/stm32cubeide/plugins/com.st.stm32cube.ide.mcu.externaltools.gnu-tools-for-stm32.9-2020-q2-update.win32_2.0.0.202105311346/tools/bin/../lib/gcc/arm-none-eabi/9.3.1/thumb/v7e-m/nofp/crtbegin.o
LOAD c:/st/stm32cubeide_1.5.1/stm32cubeide/plugins/com.st.stm32cube.ide.mcu.externaltools.gnu-tools-for-stm32.9-2020-q2-update.win32_2.0.0.202105311346/tools/bin/../lib/gcc/arm-none-eabi/9.3.1/../../../../arm-none-eabi/lib/thumb/v7e-m/nofp/crt0.o
LOAD ./Core/Src/adc.o
LOAD ./Core/Src/communication.o
LOAD ./Core/Src/dma.o
LOAD ./Core/Src/frequency.o
LOAD ./Core/Src/gpio.o
LOAD ./Core/Src/main.o
LOAD ./Core/Src/osc.o
LOAD ./Core/Src/pwm.o
LOAD ./Core/Src/stm32g4xx_hal_msp.o
LOAD ./Core/Src/stm32g4xx_it.o
LOAD ./Core/Src/syscalls.o
LOAD ./Core/Src/sysmem.o
LOAD ./Core/Src/system_stm32g4xx.o
LOAD ./Core/Src/terminal.o
LOAD ./Core/Src/tim.o
LOAD ./Core/Startup/startup_stm32g431kbux.o
LOAD ./Drivers/STM32G4xx_HAL_Driver/Src/stm32g4xx_hal.o
LOAD ./Drivers/STM32G4xx_HAL_Driver/Src/stm32g4xx_hal_adc.o
LOAD ./Drivers/STM32G4xx_HAL_Driver/Src/stm32g4xx_hal_adc_ex.o
LOAD ./Drivers/STM32G4xx_HAL_Driver/Src/stm32g4xx_hal_cortex.o
LOAD ./Drivers/STM32G4xx_HAL_Driver/Src/stm32g4xx_hal_dma.o
LOAD ./Drivers/STM32G4xx_HAL_Driver/Src/stm32g4xx_hal_dma_ex.o
LOAD ./Drivers/STM32G4xx_HAL_Driver/Src/stm32g4xx_hal_exti.o
LOAD ./Drivers/STM32G4xx_HAL_Driver/Src/stm32g4xx_hal_flash.o
LOAD ./Drivers/STM32G4xx_HAL_Driver/Src/stm32g4xx_hal_flash_ex.o
LOAD ./Drivers/STM32G4xx_HAL_Driver/Src/stm32g4xx_hal_flash_ramfunc.o
LOAD ./Drivers/STM32G4xx_HAL_Driver/Src/stm32g4xx_hal_gpio.o
LOAD ./Drivers/STM32G4xx_HAL_Driver/Src/stm32g4xx_hal_pcd.o
LOAD ./Drivers/STM32G4xx_HAL_Driver/Src/stm32g4xx_hal_pcd_ex.o
LOAD ./Drivers/STM32G4xx_HAL_Driver/Src/stm32g4xx_hal_pwr.o
LOAD ./Drivers/STM32G4xx_HAL_Driver/Src/stm32g4xx_hal_pwr_ex.o
LOAD ./Drivers/STM32G4xx_HAL_Driver/Src/stm32g4xx_hal_rcc.o
LOAD ./Drivers/STM32G4xx_HAL_Driver/Src/stm32g4xx_hal_rcc_ex.o
LOAD ./Drivers/STM32G4xx_HAL_Driver/Src/stm32g4xx_hal_tim.o
LOAD ./Drivers/STM32G4xx_HAL_Driver/Src/stm32g4xx_hal_tim_ex.o
LOAD ./Drivers/STM32G4xx_HAL_Driver/Src/stm32g4xx_ll_adc.o
LOAD ./Drivers/STM32G4xx_HAL_Driver/Src/stm32g4xx_ll_exti.o
LOAD ./Drivers/STM32G4xx_HAL_Driver/Src/stm32g4xx_ll_usb.o
LOAD ./Drivers/STM32G4xx_HAL_Driver/Src/stm32g4xx_ll_utils.o
LOAD ./Middlewares/ST/STM32_USB_Device_Library/Class/CDC/Src/usbd_cdc.o
LOAD ./Middlewares/ST/STM32_USB_Device_Library/Core/Src/usbd_core.o
LOAD ./Middlewares/ST/STM32_USB_Device_Library/Core/Src/usbd_ctlreq.o
LOAD ./Middlewares/ST/STM32_USB_Device_Library/Core/Src/usbd_ioreq.o
LOAD ./USB_Device/App/usb_device.o
LOAD ./USB_Device/App/usbd_cdc_if.o
LOAD ./USB_Device/App/usbd_desc.o
LOAD ./USB_Device/Target/usbd_conf.o
START GROUP
LOAD c:/st/stm32cubeide_1.5.1/stm32cubeide/plugins/com.st.stm32cube.ide.mcu.externaltools.gnu-tools-for-stm32.9-2020-q2-update.win32_2.0.0.202105311346/tools/bin/../lib/gcc/arm-none-eabi/9.3.1/../../../../arm-none-eabi/lib/thumb/v7e-m/nofp\libc_nano.a
LOAD c:/st/stm32cubeide_1.5.1/stm32cubeide/plugins/com.st.stm32cube.ide.mcu.externaltools.gnu-tools-for-stm32.9-2020-q2-update.win32_2.0.0.202105311346/tools/bin/../lib/gcc/arm-none-eabi/9.3.1/../../../../arm-none-eabi/lib/thumb/v7e-m/nofp\libm.a
END GROUP
START GROUP
LOAD c:/st/stm32cubeide_1.5.1/stm32cubeide/plugins/com.st.stm32cube.ide.mcu.externaltools.gnu-tools-for-stm32.9-2020-q2-update.win32_2.0.0.202105311346/tools/bin/../lib/gcc/arm-none-eabi/9.3.1/thumb/v7e-m/nofp\libgcc.a
LOAD c:/st/stm32cubeide_1.5.1/stm32cubeide/plugins/com.st.stm32cube.ide.mcu.externaltools.gnu-tools-for-stm32.9-2020-q2-update.win32_2.0.0.202105311346/tools/bin/../lib/gcc/arm-none-eabi/9.3.1/../../../../arm-none-eabi/lib/thumb/v7e-m/nofp\libc_nano.a
END GROUP
START GROUP
LOAD c:/st/stm32cubeide_1.5.1/stm32cubeide/plugins/com.st.stm32cube.ide.mcu.externaltools.gnu-tools-for-stm32.9-2020-q2-update.win32_2.0.0.202105311346/tools/bin/../lib/gcc/arm-none-eabi/9.3.1/thumb/v7e-m/nofp\libgcc.a
LOAD c:/st/stm32cubeide_1.5.1/stm32cubeide/plugins/com.st.stm32cube.ide.mcu.externaltools.gnu-tools-for-stm32.9-2020-q2-update.win32_2.0.0.202105311346/tools/bin/../lib/gcc/arm-none-eabi/9.3.1/../../../../arm-none-eabi/lib/thumb/v7e-m/nofp\libc_nano.a
LOAD c:/st/stm32cubeide_1.5.1/stm32cubeide/plugins/com.st.stm32cube.ide.mcu.externaltools.gnu-tools-for-stm32.9-2020-q2-update.win32_2.0.0.202105311346/tools/bin/../lib/gcc/arm-none-eabi/9.3.1/../../../../arm-none-eabi/lib/thumb/v7e-m/nofp\libnosys.a
END GROUP
START GROUP
LOAD c:/st/stm32cubeide_1.5.1/stm32cubeide/plugins/com.st.stm32cube.ide.mcu.externaltools.gnu-tools-for-stm32.9-2020-q2-update.win32_2.0.0.202105311346/tools/bin/../lib/gcc/arm-none-eabi/9.3.1/thumb/v7e-m/nofp\libgcc.a
LOAD c:/st/stm32cubeide_1.5.1/stm32cubeide/plugins/com.st.stm32cube.ide.mcu.externaltools.gnu-tools-for-stm32.9-2020-q2-update.win32_2.0.0.202105311346/tools/bin/../lib/gcc/arm-none-eabi/9.3.1/../../../../arm-none-eabi/lib/thumb/v7e-m/nofp\libc_nano.a
LOAD c:/st/stm32cubeide_1.5.1/stm32cubeide/plugins/com.st.stm32cube.ide.mcu.externaltools.gnu-tools-for-stm32.9-2020-q2-update.win32_2.0.0.202105311346/tools/bin/../lib/gcc/arm-none-eabi/9.3.1/../../../../arm-none-eabi/lib/thumb/v7e-m/nofp\libnosys.a
END GROUP
LOAD c:/st/stm32cubeide_1.5.1/stm32cubeide/plugins/com.st.stm32cube.ide.mcu.externaltools.gnu-tools-for-stm32.9-2020-q2-update.win32_2.0.0.202105311346/tools/bin/../lib/gcc/arm-none-eabi/9.3.1/thumb/v7e-m/nofp/crtend.o
LOAD c:/st/stm32cubeide_1.5.1/stm32cubeide/plugins/com.st.stm32cube.ide.mcu.externaltools.gnu-tools-for-stm32.9-2020-q2-update.win32_2.0.0.202105311346/tools/bin/../lib/gcc/arm-none-eabi/9.3.1/thumb/v7e-m/nofp/crtn.o
                0x0000000020008000                _estack = (ORIGIN (RAM) + LENGTH (RAM))
                0x0000000000000200                _Min_Heap_Size = 0x200
                0x0000000000000400                _Min_Stack_Size = 0x400

.isr_vector     0x0000000008000000      0x1d8
                0x0000000008000000                . = ALIGN (0x4)
 *(.isr_vector)
 .isr_vector    0x0000000008000000      0x1d8 ./Core/Startup/startup_stm32g431kbux.o
                0x0000000008000000                g_pfnVectors
                0x00000000080001d8                . = ALIGN (0x4)

.text           0x00000000080001e0    0x12c84
                0x00000000080001e0                . = ALIGN (0x4)
 *(.text)
 .text          0x00000000080001e0       0x40 c:/st/stm32cubeide_1.5.1/stm32cubeide/plugins/com.st.stm32cube.ide.mcu.externaltools.gnu-tools-for-stm32.9-2020-q2-update.win32_2.0.0.202105311346/tools/bin/../lib/gcc/arm-none-eabi/9.3.1/thumb/v7e-m/nofp/crtbegin.o
 .text          0x0000000008000220       0x10 c:/st/stm32cubeide_1.5.1/stm32cubeide/plugins/com.st.stm32cube.ide.mcu.externaltools.gnu-tools-for-stm32.9-2020-q2-update.win32_2.0.0.202105311346/tools/bin/../lib/gcc/arm-none-eabi/9.3.1/../../../../arm-none-eabi/lib/thumb/v7e-m/nofp\libc_nano.a(lib_a-strlen.o)
                0x0000000008000220                strlen
 .text          0x0000000008000230       0xa0 c:/st/stm32cubeide_1.5.1/stm32cubeide/plugins/com.st.stm32cube.ide.mcu.externaltools.gnu-tools-for-stm32.9-2020-q2-update.win32_2.0.0.202105311346/tools/bin/../lib/gcc/arm-none-eabi/9.3.1/../../../../arm-none-eabi/lib/thumb/v7e-m/nofp\libc_nano.a(lib_a-memchr.o)
                0x0000000008000230                memchr
 .text          0x00000000080002d0      0x378 c:/st/stm32cubeide_1.5.1/stm32cubeide/plugins/com.st.stm32cube.ide.mcu.externaltools.gnu-tools-for-stm32.9-2020-q2-update.win32_2.0.0.202105311346/tools/bin/../lib/gcc/arm-none-eabi/9.3.1/thumb/v7e-m/nofp\libgcc.a(_arm_addsubdf3.o)
                0x00000000080002d0                __aeabi_drsub
                0x00000000080002d8                __aeabi_dsub
                0x00000000080002d8                __subdf3
                0x00000000080002dc                __aeabi_dadd
                0x00000000080002dc                __adddf3
                0x0000000008000554                __floatunsidf
                0x0000000008000554                __aeabi_ui2d
                0x0000000008000574                __floatsidf
                0x0000000008000574                __aeabi_i2d
                0x0000000008000598                __aeabi_f2d
                0x0000000008000598                __extendsfdf2
                0x00000000080005dc                __floatundidf
                0x00000000080005dc                __aeabi_ul2d
                0x00000000080005ec                __floatdidf
                0x00000000080005ec                __aeabi_l2d
 .text          0x0000000008000648      0x424 c:/st/stm32cubeide_1.5.1/stm32cubeide/plugins/com.st.stm32cube.ide.mcu.externaltools.gnu-tools-for-stm32.9-2020-q2-update.win32_2.0.0.202105311346/tools/bin/../lib/gcc/arm-none-eabi/9.3.1/thumb/v7e-m/nofp\libgcc.a(_arm_muldivdf3.o)
                0x0000000008000648                __aeabi_dmul
                0x0000000008000648                __muldf3
                0x000000000800089c                __divdf3
                0x000000000800089c                __aeabi_ddiv
 .text          0x0000000008000a6c      0x110 c:/st/stm32cubeide_1.5.1/stm32cubeide/plugins/com.st.stm32cube.ide.mcu.externaltools.gnu-tools-for-stm32.9-2020-q2-update.win32_2.0.0.202105311346/tools/bin/../lib/gcc/arm-none-eabi/9.3.1/thumb/v7e-m/nofp\libgcc.a(_arm_cmpdf2.o)
                0x0000000008000a6c                __gtdf2
                0x0000000008000a6c                __gedf2
                0x0000000008000a74                __ltdf2
                0x0000000008000a74                __ledf2
                0x0000000008000a7c                __nedf2
                0x0000000008000a7c                __eqdf2
                0x0000000008000a7c                __cmpdf2
                0x0000000008000af8                __aeabi_cdrcmple
                0x0000000008000b08                __aeabi_cdcmpeq
                0x0000000008000b08                __aeabi_cdcmple
                0x0000000008000b18                __aeabi_dcmpeq
                0x0000000008000b2c                __aeabi_dcmplt
                0x0000000008000b40                __aeabi_dcmple
                0x0000000008000b54                __aeabi_dcmpge
                0x0000000008000b68                __aeabi_dcmpgt
 .text          0x0000000008000b7c       0x2c c:/st/stm32cubeide_1.5.1/stm32cubeide/plugins/com.st.stm32cube.ide.mcu.externaltools.gnu-tools-for-stm32.9-2020-q2-update.win32_2.0.0.202105311346/tools/bin/../lib/gcc/arm-none-eabi/9.3.1/thumb/v7e-m/nofp\libgcc.a(_arm_unorddf2.o)
                0x0000000008000b7c                __unorddf2
                0x0000000008000b7c                __aeabi_dcmpun
 .text          0x0000000008000ba8       0x50 c:/st/stm32cubeide_1.5.1/stm32cubeide/plugins/com.st.stm32cube.ide.mcu.externaltools.gnu-tools-for-stm32.9-2020-q2-update.win32_2.0.0.202105311346/tools/bin/../lib/gcc/arm-none-eabi/9.3.1/thumb/v7e-m/nofp\libgcc.a(_arm_fixdfsi.o)
                0x0000000008000ba8                __aeabi_d2iz
                0x0000000008000ba8                __fixdfsi
 .text          0x0000000008000bf8       0x40 c:/st/stm32cubeide_1.5.1/stm32cubeide/plugins/com.st.stm32cube.ide.mcu.externaltools.gnu-tools-for-stm32.9-2020-q2-update.win32_2.0.0.202105311346/tools/bin/../lib/gcc/arm-none-eabi/9.3.1/thumb/v7e-m/nofp\libgcc.a(_arm_fixunsdfsi.o)
                0x0000000008000bf8                __aeabi_d2uiz
                0x0000000008000bf8                __fixunsdfsi
 .text          0x0000000008000c38       0xa0 c:/st/stm32cubeide_1.5.1/stm32cubeide/plugins/com.st.stm32cube.ide.mcu.externaltools.gnu-tools-for-stm32.9-2020-q2-update.win32_2.0.0.202105311346/tools/bin/../lib/gcc/arm-none-eabi/9.3.1/thumb/v7e-m/nofp\libgcc.a(_arm_truncdfsf2.o)
                0x0000000008000c38                __truncdfsf2
                0x0000000008000c38                __aeabi_d2f
 .text          0x0000000008000cd8      0x21c c:/st/stm32cubeide_1.5.1/stm32cubeide/plugins/com.st.stm32cube.ide.mcu.externaltools.gnu-tools-for-stm32.9-2020-q2-update.win32_2.0.0.202105311346/tools/bin/../lib/gcc/arm-none-eabi/9.3.1/thumb/v7e-m/nofp\libgcc.a(_arm_addsubsf3.o)
                0x0000000008000cd8                __aeabi_frsub
                0x0000000008000ce0                __subsf3
                0x0000000008000ce0                __aeabi_fsub
                0x0000000008000ce4                __aeabi_fadd
                0x0000000008000ce4                __addsf3
                0x0000000008000e44                __aeabi_ui2f
                0x0000000008000e44                __floatunsisf
                0x0000000008000e4c                __aeabi_i2f
                0x0000000008000e4c                __floatsisf
                0x0000000008000e68                __aeabi_ul2f
                0x0000000008000e68                __floatundisf
                0x0000000008000e78                __aeabi_l2f
                0x0000000008000e78                __floatdisf
 .text          0x0000000008000ef4      0x2a0 c:/st/stm32cubeide_1.5.1/stm32cubeide/plugins/com.st.stm32cube.ide.mcu.externaltools.gnu-tools-for-stm32.9-2020-q2-update.win32_2.0.0.202105311346/tools/bin/../lib/gcc/arm-none-eabi/9.3.1/thumb/v7e-m/nofp\libgcc.a(_arm_muldivsf3.o)
                0x0000000008000ef4                __mulsf3
                0x0000000008000ef4                __aeabi_fmul
                0x000000000800105c                __aeabi_fdiv
                0x000000000800105c                __divsf3
 .text          0x0000000008001194       0x30 c:/st/stm32cubeide_1.5.1/stm32cubeide/plugins/com.st.stm32cube.ide.mcu.externaltools.gnu-tools-for-stm32.9-2020-q2-update.win32_2.0.0.202105311346/tools/bin/../lib/gcc/arm-none-eabi/9.3.1/thumb/v7e-m/nofp\libgcc.a(_aeabi_uldivmod.o)
                0x0000000008001194                __aeabi_uldivmod
 .text          0x00000000080011c4       0x40 c:/st/stm32cubeide_1.5.1/stm32cubeide/plugins/com.st.stm32cube.ide.mcu.externaltools.gnu-tools-for-stm32.9-2020-q2-update.win32_2.0.0.202105311346/tools/bin/../lib/gcc/arm-none-eabi/9.3.1/thumb/v7e-m/nofp\libgcc.a(_fixunssfdi.o)
                0x00000000080011c4                __fixunssfdi
                0x00000000080011c4                __aeabi_f2ulz
 .text          0x0000000008001204      0x2c0 c:/st/stm32cubeide_1.5.1/stm32cubeide/plugins/com.st.stm32cube.ide.mcu.externaltools.gnu-tools-for-stm32.9-2020-q2-update.win32_2.0.0.202105311346/tools/bin/../lib/gcc/arm-none-eabi/9.3.1/thumb/v7e-m/nofp\libgcc.a(_udivmoddi4.o)
                0x0000000008001204                __udivmoddi4
 .text          0x00000000080014c4        0x4 c:/st/stm32cubeide_1.5.1/stm32cubeide/plugins/com.st.stm32cube.ide.mcu.externaltools.gnu-tools-for-stm32.9-2020-q2-update.win32_2.0.0.202105311346/tools/bin/../lib/gcc/arm-none-eabi/9.3.1/thumb/v7e-m/nofp\libgcc.a(_dvmd_tls.o)
                0x00000000080014c4                __aeabi_idiv0
                0x00000000080014c4                __aeabi_ldiv0
 *(.text*)
 .text.MX_ADC1_Init
                0x00000000080014c8      0x144 ./Core/Src/adc.o
                0x00000000080014c8                MX_ADC1_Init
 .text.MX_ADC2_Init
                0x000000000800160c      0x120 ./Core/Src/adc.o
                0x000000000800160c                MX_ADC2_Init
 .text.HAL_ADC_MspInit
                0x000000000800172c      0x1dc ./Core/Src/adc.o
                0x000000000800172c                HAL_ADC_MspInit
 .text.com_init
                0x0000000008001908       0x3c ./Core/Src/communication.o
                0x0000000008001908                com_init
 .text.com_transmit
                0x0000000008001944       0x1e ./Core/Src/communication.o
                0x0000000008001944                com_transmit
 *fill*         0x0000000008001962        0x2 
 .text.com_receive
                0x0000000008001964       0x9c ./Core/Src/communication.o
                0x0000000008001964                com_receive
 .text.com_requestack
                0x0000000008001a00       0x5c ./Core/Src/communication.o
                0x0000000008001a00                com_requestack
 .text.com_test
                0x0000000008001a5c       0x7c ./Core/Src/communication.o
                0x0000000008001a5c                com_test
 .text.com_print
                0x0000000008001ad8       0x34 ./Core/Src/communication.o
                0x0000000008001ad8                com_print
 .text.com_status
                0x0000000008001b0c       0x28 ./Core/Src/communication.o
                0x0000000008001b0c                com_status
 .text.MX_DMA_Init
                0x0000000008001b34       0x7c ./Core/Src/dma.o
                0x0000000008001b34                MX_DMA_Init
 .text.frequency_getSettings
                0x0000000008001bb0      0x128 ./Core/Src/frequency.o
                0x0000000008001bb0                frequency_getSettings
 .text.MX_GPIO_Init
                0x0000000008001cd8       0x80 ./Core/Src/gpio.o
                0x0000000008001cd8                MX_GPIO_Init
 .text.LL_RCC_HSE_Enable
                0x0000000008001d58       0x1c ./Core/Src/main.o
 .text.LL_RCC_HSE_IsReady
                0x0000000008001d74       0x24 ./Core/Src/main.o
 .text.LL_RCC_HSI48_Enable
                0x0000000008001d98       0x20 ./Core/Src/main.o
 .text.LL_RCC_HSI48_IsReady
                0x0000000008001db8       0x24 ./Core/Src/main.o
 .text.LL_RCC_SetSysClkSource
                0x0000000008001ddc       0x28 ./Core/Src/main.o
 .text.LL_RCC_GetSysClkSource
                0x0000000008001e04       0x18 ./Core/Src/main.o
 .text.LL_RCC_SetAHBPrescaler
                0x0000000008001e1c       0x28 ./Core/Src/main.o
 .text.LL_RCC_SetAPB1Prescaler
                0x0000000008001e44       0x28 ./Core/Src/main.o
 .text.LL_RCC_SetAPB2Prescaler
                0x0000000008001e6c       0x28 ./Core/Src/main.o
 .text.LL_RCC_SetUSBClockSource
                0x0000000008001e94       0x2c ./Core/Src/main.o
 .text.LL_RCC_SetADCClockSource
                0x0000000008001ec0       0x48 ./Core/Src/main.o
 .text.LL_RCC_PLL_Enable
                0x0000000008001f08       0x1c ./Core/Src/main.o
 .text.LL_RCC_PLL_IsReady
                0x0000000008001f24       0x24 ./Core/Src/main.o
 .text.LL_RCC_PLL_ConfigDomain_SYS
                0x0000000008001f48       0x40 ./Core/Src/main.o
 .text.LL_RCC_PLL_ConfigDomain_ADC
                0x0000000008001f88       0x40 ./Core/Src/main.o
 .text.LL_RCC_PLL_EnableDomain_ADC
                0x0000000008001fc8       0x1c ./Core/Src/main.o
 .text.LL_RCC_PLL_EnableDomain_SYS
                0x0000000008001fe4       0x1c ./Core/Src/main.o
 .text.LL_AHB1_GRP1_EnableClock
                0x0000000008002000       0x30 ./Core/Src/main.o
 .text.LL_FLASH_SetLatency
                0x0000000008002030       0x28 ./Core/Src/main.o
 .text.LL_FLASH_GetLatency
                0x0000000008002058       0x18 ./Core/Src/main.o
 .text.LL_PWR_EnableRange1BoostMode
                0x0000000008002070       0x20 ./Core/Src/main.o
 .text.main     0x0000000008002090      0x124 ./Core/Src/main.o
                0x0000000008002090                main
 .text.SystemClock_Config
                0x00000000080021b4       0xf4 ./Core/Src/main.o
                0x00000000080021b4                SystemClock_Config
 .text.HAL_TIM_PeriodElapsedCallback
                0x00000000080022a8       0x64 ./Core/Src/main.o
                0x00000000080022a8                HAL_TIM_PeriodElapsedCallback
 .text.HAL_ADC_ErrorCallback
                0x000000000800230c       0x14 ./Core/Src/main.o
                0x000000000800230c                HAL_ADC_ErrorCallback
 .text.HAL_ADC_ConvCpltCallback
                0x0000000008002320       0x54 ./Core/Src/main.o
                0x0000000008002320                HAL_ADC_ConvCpltCallback
 .text.HAL_ADC_ConvHalfCpltCallback
                0x0000000008002374       0x54 ./Core/Src/main.o
                0x0000000008002374                HAL_ADC_ConvHalfCpltCallback
 .text.HAL_ADC_LevelOutOfWindowCallback
                0x00000000080023c8       0x88 ./Core/Src/main.o
                0x00000000080023c8                HAL_ADC_LevelOutOfWindowCallback
 .text.Error_Handler
                0x0000000008002450       0x18 ./Core/Src/main.o
                0x0000000008002450                Error_Handler
 .text.osc_init
                0x0000000008002468       0x6c ./Core/Src/osc.o
                0x0000000008002468                osc_init
 .text.osc_sendData
                0x00000000080024d4      0x1b4 ./Core/Src/osc.o
                0x00000000080024d4                osc_sendData
 .text.osc_beginMeasuring
                0x0000000008002688       0xec ./Core/Src/osc.o
                0x0000000008002688                osc_beginMeasuring
 .text.osc_prepareAWDGs
                0x0000000008002774       0xbc ./Core/Src/osc.o
                0x0000000008002774                osc_prepareAWDGs
 .text.osc_setADCSamplingCycles
                0x0000000008002830       0x84 ./Core/Src/osc.o
                0x0000000008002830                osc_setADCSamplingCycles
 .text.osc_setTriggerLevel
                0x00000000080028b4       0x80 ./Core/Src/osc.o
                0x00000000080028b4                osc_setTriggerLevel
 .text.osc_setPretrigger
                0x0000000008002934       0x7c ./Core/Src/osc.o
                0x0000000008002934                osc_setPretrigger
 .text.osc_setSamplingFreq
                0x00000000080029b0       0x7c ./Core/Src/osc.o
                0x00000000080029b0                osc_setSamplingFreq
 .text.osc_settrigch
                0x0000000008002a2c       0x3c ./Core/Src/osc.o
                0x0000000008002a2c                osc_settrigch
 .text.pwm_init
                0x0000000008002a68       0x3c ./Core/Src/pwm.o
                0x0000000008002a68                pwm_init
 .text.pwm_startStop
                0x0000000008002aa4       0x38 ./Core/Src/pwm.o
                0x0000000008002aa4                pwm_startStop
 *fill*         0x0000000008002adc        0x4 
 .text.pwm_getFreq
                0x0000000008002ae0       0x70 ./Core/Src/pwm.o
                0x0000000008002ae0                pwm_getFreq
 .text.pwm_setFreq
                0x0000000008002b50       0x44 ./Core/Src/pwm.o
                0x0000000008002b50                pwm_setFreq
 .text.pwm_setDuty
                0x0000000008002b94       0x70 ./Core/Src/pwm.o
                0x0000000008002b94                pwm_setDuty
 .text.HAL_MspInit
                0x0000000008002c04       0x88 ./Core/Src/stm32g4xx_hal_msp.o
                0x0000000008002c04                HAL_MspInit
 .text.NMI_Handler
                0x0000000008002c8c        0x6 ./Core/Src/stm32g4xx_it.o
                0x0000000008002c8c                NMI_Handler
 .text.HardFault_Handler
                0x0000000008002c92        0x6 ./Core/Src/stm32g4xx_it.o
                0x0000000008002c92                HardFault_Handler
 .text.MemManage_Handler
                0x0000000008002c98        0x6 ./Core/Src/stm32g4xx_it.o
                0x0000000008002c98                MemManage_Handler
 .text.BusFault_Handler
                0x0000000008002c9e        0x6 ./Core/Src/stm32g4xx_it.o
                0x0000000008002c9e                BusFault_Handler
 .text.UsageFault_Handler
                0x0000000008002ca4        0x6 ./Core/Src/stm32g4xx_it.o
                0x0000000008002ca4                UsageFault_Handler
 .text.SVC_Handler
                0x0000000008002caa        0xc ./Core/Src/stm32g4xx_it.o
                0x0000000008002caa                SVC_Handler
 .text.DebugMon_Handler
                0x0000000008002cb6        0xc ./Core/Src/stm32g4xx_it.o
                0x0000000008002cb6                DebugMon_Handler
 .text.PendSV_Handler
                0x0000000008002cc2        0xc ./Core/Src/stm32g4xx_it.o
                0x0000000008002cc2                PendSV_Handler
 .text.SysTick_Handler
                0x0000000008002cce        0xc ./Core/Src/stm32g4xx_it.o
                0x0000000008002cce                SysTick_Handler
 .text.PVD_PVM_IRQHandler
                0x0000000008002cda        0xc ./Core/Src/stm32g4xx_it.o
                0x0000000008002cda                PVD_PVM_IRQHandler
 .text.FLASH_IRQHandler
                0x0000000008002ce6        0xc ./Core/Src/stm32g4xx_it.o
                0x0000000008002ce6                FLASH_IRQHandler
 .text.RCC_IRQHandler
                0x0000000008002cf2        0xc ./Core/Src/stm32g4xx_it.o
                0x0000000008002cf2                RCC_IRQHandler
 *fill*         0x0000000008002cfe        0x2 
 .text.DMA1_Channel3_IRQHandler
                0x0000000008002d00       0x14 ./Core/Src/stm32g4xx_it.o
                0x0000000008002d00                DMA1_Channel3_IRQHandler
 .text.ADC1_2_IRQHandler
                0x0000000008002d14       0x1c ./Core/Src/stm32g4xx_it.o
                0x0000000008002d14                ADC1_2_IRQHandler
 .text.USB_HP_IRQHandler
                0x0000000008002d30       0x14 ./Core/Src/stm32g4xx_it.o
                0x0000000008002d30                USB_HP_IRQHandler
 .text.USB_LP_IRQHandler
                0x0000000008002d44       0x14 ./Core/Src/stm32g4xx_it.o
                0x0000000008002d44                USB_LP_IRQHandler
 .text.TIM1_BRK_TIM15_IRQHandler
                0x0000000008002d58       0x14 ./Core/Src/stm32g4xx_it.o
                0x0000000008002d58                TIM1_BRK_TIM15_IRQHandler
 .text.TIM1_UP_TIM16_IRQHandler
                0x0000000008002d6c       0x14 ./Core/Src/stm32g4xx_it.o
                0x0000000008002d6c                TIM1_UP_TIM16_IRQHandler
 .text.TIM1_TRG_COM_TIM17_IRQHandler
                0x0000000008002d80       0x14 ./Core/Src/stm32g4xx_it.o
                0x0000000008002d80                TIM1_TRG_COM_TIM17_IRQHandler
 .text.TIM1_CC_IRQHandler
                0x0000000008002d94       0x14 ./Core/Src/stm32g4xx_it.o
                0x0000000008002d94                TIM1_CC_IRQHandler
 .text.TIM3_IRQHandler
                0x0000000008002da8       0x14 ./Core/Src/stm32g4xx_it.o
                0x0000000008002da8                TIM3_IRQHandler
 .text.TIM6_DAC_IRQHandler
                0x0000000008002dbc       0x14 ./Core/Src/stm32g4xx_it.o
                0x0000000008002dbc                TIM6_DAC_IRQHandler
 .text.DMA2_Channel2_IRQHandler
                0x0000000008002dd0       0x14 ./Core/Src/stm32g4xx_it.o
                0x0000000008002dd0                DMA2_Channel2_IRQHandler
 .text.FPU_IRQHandler
                0x0000000008002de4        0xc ./Core/Src/stm32g4xx_it.o
                0x0000000008002de4                FPU_IRQHandler
 .text._getpid  0x0000000008002df0        0xe ./Core/Src/syscalls.o
                0x0000000008002df0                _getpid
 .text._kill    0x0000000008002dfe       0x20 ./Core/Src/syscalls.o
                0x0000000008002dfe                _kill
 .text._exit    0x0000000008002e1e       0x14 ./Core/Src/syscalls.o
                0x0000000008002e1e                _exit
 .text._read    0x0000000008002e32       0x3a ./Core/Src/syscalls.o
                0x0000000008002e32                _read
 .text._write   0x0000000008002e6c       0x38 ./Core/Src/syscalls.o
                0x0000000008002e6c                _write
 .text._close   0x0000000008002ea4       0x16 ./Core/Src/syscalls.o
                0x0000000008002ea4                _close
 .text._fstat   0x0000000008002eba       0x1e ./Core/Src/syscalls.o
                0x0000000008002eba                _fstat
 .text._isatty  0x0000000008002ed8       0x14 ./Core/Src/syscalls.o
                0x0000000008002ed8                _isatty
 .text._lseek   0x0000000008002eec       0x18 ./Core/Src/syscalls.o
                0x0000000008002eec                _lseek
 .text._sbrk    0x0000000008002f04       0x6c ./Core/Src/sysmem.o
                0x0000000008002f04                _sbrk
 .text.SystemInit
                0x0000000008002f70        0xc ./Core/Src/system_stm32g4xx.o
                0x0000000008002f70                SystemInit
 .text.terminal_init
                0x0000000008002f7c       0x88 ./Core/Src/terminal.o
                0x0000000008002f7c                terminal_init
 .text.terminal_setpage
                0x0000000008003004       0x50 ./Core/Src/terminal.o
                0x0000000008003004                terminal_setpage
 .text.numberOfDigits
                0x0000000008003054       0x38 ./Core/Src/terminal.o
                0x0000000008003054                numberOfDigits
 .text.terminal_draw
                0x000000000800308c      0x19c ./Core/Src/terminal.o
                0x000000000800308c                terminal_draw
 .text.terminal_updateValues
                0x0000000008003228      0x460 ./Core/Src/terminal.o
                0x0000000008003228                terminal_updateValues
 .text.terminal_update
                0x0000000008003688       0x38 ./Core/Src/terminal.o
                0x0000000008003688                terminal_update
 .text.terminal_command
                0x00000000080036c0      0x718 ./Core/Src/terminal.o
                0x00000000080036c0                terminal_command
 .text.floatToNiceString
                0x0000000008003dd8      0x160 ./Core/Src/terminal.o
                0x0000000008003dd8                floatToNiceString
 .text.MX_TIM1_Init
                0x0000000008003f38       0xac ./Core/Src/tim.o
                0x0000000008003f38                MX_TIM1_Init
 .text.MX_TIM2_Init
                0x0000000008003fe4       0xb4 ./Core/Src/tim.o
                0x0000000008003fe4                MX_TIM2_Init
 .text.MX_TIM3_Init
                0x0000000008004098       0x9c ./Core/Src/tim.o
                0x0000000008004098                MX_TIM3_Init
 .text.MX_TIM6_Init
                0x0000000008004134       0x70 ./Core/Src/tim.o
                0x0000000008004134                MX_TIM6_Init
 .text.HAL_TIM_Base_MspInit
                0x00000000080041a4       0xec ./Core/Src/tim.o
                0x00000000080041a4                HAL_TIM_Base_MspInit
 .text.HAL_TIM_PWM_MspInit
                0x0000000008004290       0x80 ./Core/Src/tim.o
                0x0000000008004290                HAL_TIM_PWM_MspInit
 .text.HAL_TIM_MspPostInit
                0x0000000008004310       0x68 ./Core/Src/tim.o
                0x0000000008004310                HAL_TIM_MspPostInit
 .text.Reset_Handler
                0x0000000008004378       0x50 ./Core/Startup/startup_stm32g431kbux.o
                0x0000000008004378                Reset_Handler
 .text.Default_Handler
                0x00000000080043c8        0x2 ./Core/Startup/startup_stm32g431kbux.o
                0x00000000080043c8                RTC_Alarm_IRQHandler
                0x00000000080043c8                EXTI2_IRQHandler
                0x00000000080043c8                TIM8_TRG_COM_IRQHandler
                0x00000000080043c8                TIM8_CC_IRQHandler
                0x00000000080043c8                CORDIC_IRQHandler
                0x00000000080043c8                EXTI3_IRQHandler
                0x00000000080043c8                I2C3_ER_IRQHandler
                0x00000000080043c8                EXTI0_IRQHandler
                0x00000000080043c8                I2C2_EV_IRQHandler
                0x00000000080043c8                FDCAN1_IT1_IRQHandler
                0x00000000080043c8                SPI1_IRQHandler
                0x00000000080043c8                TIM8_UP_IRQHandler
                0x00000000080043c8                DMA1_Channel4_IRQHandler
                0x00000000080043c8                USART3_IRQHandler
                0x00000000080043c8                TIM4_IRQHandler
                0x00000000080043c8                DMA2_Channel1_IRQHandler
                0x00000000080043c8                I2C1_EV_IRQHandler
                0x00000000080043c8                DMA1_Channel6_IRQHandler
                0x00000000080043c8                UART4_IRQHandler
                0x00000000080043c8                DMA2_Channel4_IRQHandler
                0x00000000080043c8                DMA1_Channel1_IRQHandler
                0x00000000080043c8                Default_Handler
                0x00000000080043c8                RTC_TAMP_LSECSS_IRQHandler
                0x00000000080043c8                FMAC_IRQHandler
                0x00000000080043c8                EXTI15_10_IRQHandler
                0x00000000080043c8                TIM7_IRQHandler
                0x00000000080043c8                UCPD1_IRQHandler
                0x00000000080043c8                I2C3_EV_IRQHandler
                0x00000000080043c8                EXTI9_5_IRQHandler
                0x00000000080043c8                RTC_WKUP_IRQHandler
                0x00000000080043c8                SPI2_IRQHandler
                0x00000000080043c8                DMA2_Channel5_IRQHandler
                0x00000000080043c8                CRS_IRQHandler
                0x00000000080043c8                DMA1_Channel5_IRQHandler
                0x00000000080043c8                EXTI4_IRQHandler
                0x00000000080043c8                RNG_IRQHandler
                0x00000000080043c8                WWDG_IRQHandler
                0x00000000080043c8                LPUART1_IRQHandler
                0x00000000080043c8                DMA2_Channel6_IRQHandler
                0x00000000080043c8                FDCAN1_IT0_IRQHandler
                0x00000000080043c8                TIM2_IRQHandler
                0x00000000080043c8                COMP1_2_3_IRQHandler
                0x00000000080043c8                EXTI1_IRQHandler
                0x00000000080043c8                USART2_IRQHandler
                0x00000000080043c8                I2C2_ER_IRQHandler
                0x00000000080043c8                DMA1_Channel2_IRQHandler
                0x00000000080043c8                TIM8_BRK_IRQHandler
                0x00000000080043c8                USART1_IRQHandler
                0x00000000080043c8                SPI3_IRQHandler
                0x00000000080043c8                I2C1_ER_IRQHandler
                0x00000000080043c8                LPTIM1_IRQHandler
                0x00000000080043c8                DMAMUX_OVR_IRQHandler
                0x00000000080043c8                USBWakeUp_IRQHandler
                0x00000000080043c8                SAI1_IRQHandler
                0x00000000080043c8                DMA2_Channel3_IRQHandler
                0x00000000080043c8                COMP4_IRQHandler
 .text.HAL_Init
                0x00000000080043ca       0x30 ./Drivers/STM32G4xx_HAL_Driver/Src/stm32g4xx_hal.o
                0x00000000080043ca                HAL_Init
 *fill*         0x00000000080043fa        0x2 
 .text.HAL_InitTick
                0x00000000080043fc       0x74 ./Drivers/STM32G4xx_HAL_Driver/Src/stm32g4xx_hal.o
                0x00000000080043fc                HAL_InitTick
 .text.HAL_IncTick
                0x0000000008004470       0x24 ./Drivers/STM32G4xx_HAL_Driver/Src/stm32g4xx_hal.o
                0x0000000008004470                HAL_IncTick
 .text.HAL_GetTick
                0x0000000008004494       0x14 ./Drivers/STM32G4xx_HAL_Driver/Src/stm32g4xx_hal.o
                0x0000000008004494                HAL_GetTick
 .text.LL_ADC_SetCommonClock
                0x00000000080044a8       0x24 ./Drivers/STM32G4xx_HAL_Driver/Src/stm32g4xx_hal_adc.o
 .text.LL_ADC_SetCommonPathInternalCh
                0x00000000080044cc       0x24 ./Drivers/STM32G4xx_HAL_Driver/Src/stm32g4xx_hal_adc.o
 .text.LL_ADC_GetCommonPathInternalCh
                0x00000000080044f0       0x1a ./Drivers/STM32G4xx_HAL_Driver/Src/stm32g4xx_hal_adc.o
 *fill*         0x000000000800450a        0x2 
 .text.LL_ADC_SetOffset
                0x000000000800450c       0x48 ./Drivers/STM32G4xx_HAL_Driver/Src/stm32g4xx_hal_adc.o
 .text.LL_ADC_GetOffsetChannel
                0x0000000008004554       0x2a ./Drivers/STM32G4xx_HAL_Driver/Src/stm32g4xx_hal_adc.o
 .text.LL_ADC_SetOffsetState
                0x000000000800457e       0x34 ./Drivers/STM32G4xx_HAL_Driver/Src/stm32g4xx_hal_adc.o
 .text.LL_ADC_SetOffsetSign
                0x00000000080045b2       0x34 ./Drivers/STM32G4xx_HAL_Driver/Src/stm32g4xx_hal_adc.o
 .text.LL_ADC_SetOffsetSaturation
                0x00000000080045e6       0x34 ./Drivers/STM32G4xx_HAL_Driver/Src/stm32g4xx_hal_adc.o
 .text.LL_ADC_SetSamplingTimeCommonConfig
                0x000000000800461a       0x24 ./Drivers/STM32G4xx_HAL_Driver/Src/stm32g4xx_hal_adc.o
 .text.LL_ADC_REG_IsTriggerSourceSWStart
                0x000000000800463e       0x24 ./Drivers/STM32G4xx_HAL_Driver/Src/stm32g4xx_hal_adc.o
 .text.LL_ADC_REG_SetSequencerRanks
                0x0000000008004662       0x56 ./Drivers/STM32G4xx_HAL_Driver/Src/stm32g4xx_hal_adc.o
 .text.LL_ADC_INJ_IsTriggerSourceSWStart
                0x00000000080046b8       0x24 ./Drivers/STM32G4xx_HAL_Driver/Src/stm32g4xx_hal_adc.o
 .text.LL_ADC_SetChannelSamplingTime
                0x00000000080046dc       0x54 ./Drivers/STM32G4xx_HAL_Driver/Src/stm32g4xx_hal_adc.o
 .text.LL_ADC_SetChannelSingleDiff
                0x0000000008004730       0x44 ./Drivers/STM32G4xx_HAL_Driver/Src/stm32g4xx_hal_adc.o
 .text.LL_ADC_SetAnalogWDMonitChannels
                0x0000000008004774       0x58 ./Drivers/STM32G4xx_HAL_Driver/Src/stm32g4xx_hal_adc.o
 .text.LL_ADC_ConfigAnalogWDThresholds
                0x00000000080047cc       0x42 ./Drivers/STM32G4xx_HAL_Driver/Src/stm32g4xx_hal_adc.o
 .text.LL_ADC_GetMultimode
                0x000000000800480e       0x1a ./Drivers/STM32G4xx_HAL_Driver/Src/stm32g4xx_hal_adc.o
 .text.LL_ADC_GetMultiDMATransfer
                0x0000000008004828       0x1a ./Drivers/STM32G4xx_HAL_Driver/Src/stm32g4xx_hal_adc.o
 .text.LL_ADC_DisableDeepPowerDown
                0x0000000008004842       0x22 ./Drivers/STM32G4xx_HAL_Driver/Src/stm32g4xx_hal_adc.o
 .text.LL_ADC_IsDeepPowerDownEnabled
                0x0000000008004864       0x26 ./Drivers/STM32G4xx_HAL_Driver/Src/stm32g4xx_hal_adc.o
 .text.LL_ADC_EnableInternalRegulator
                0x000000000800488a       0x26 ./Drivers/STM32G4xx_HAL_Driver/Src/stm32g4xx_hal_adc.o
 .text.LL_ADC_IsInternalRegulatorEnabled
                0x00000000080048b0       0x26 ./Drivers/STM32G4xx_HAL_Driver/Src/stm32g4xx_hal_adc.o
 .text.LL_ADC_Enable
                0x00000000080048d6       0x26 ./Drivers/STM32G4xx_HAL_Driver/Src/stm32g4xx_hal_adc.o
 .text.LL_ADC_Disable
                0x00000000080048fc       0x26 ./Drivers/STM32G4xx_HAL_Driver/Src/stm32g4xx_hal_adc.o
 .text.LL_ADC_IsEnabled
                0x0000000008004922       0x24 ./Drivers/STM32G4xx_HAL_Driver/Src/stm32g4xx_hal_adc.o
 .text.LL_ADC_IsDisableOngoing
                0x0000000008004946       0x24 ./Drivers/STM32G4xx_HAL_Driver/Src/stm32g4xx_hal_adc.o
 .text.LL_ADC_REG_StartConversion
                0x000000000800496a       0x26 ./Drivers/STM32G4xx_HAL_Driver/Src/stm32g4xx_hal_adc.o
 .text.LL_ADC_REG_StopConversion
                0x0000000008004990       0x26 ./Drivers/STM32G4xx_HAL_Driver/Src/stm32g4xx_hal_adc.o
 .text.LL_ADC_REG_IsConversionOngoing
                0x00000000080049b6       0x24 ./Drivers/STM32G4xx_HAL_Driver/Src/stm32g4xx_hal_adc.o
 .text.LL_ADC_INJ_StopConversion
                0x00000000080049da       0x26 ./Drivers/STM32G4xx_HAL_Driver/Src/stm32g4xx_hal_adc.o
 .text.LL_ADC_INJ_IsConversionOngoing
                0x0000000008004a00       0x24 ./Drivers/STM32G4xx_HAL_Driver/Src/stm32g4xx_hal_adc.o
 .text.LL_ADC_ClearFlag_AWD1
                0x0000000008004a24       0x18 ./Drivers/STM32G4xx_HAL_Driver/Src/stm32g4xx_hal_adc.o
 .text.LL_ADC_ClearFlag_AWD2
                0x0000000008004a3c       0x1a ./Drivers/STM32G4xx_HAL_Driver/Src/stm32g4xx_hal_adc.o
 .text.LL_ADC_ClearFlag_AWD3
                0x0000000008004a56       0x1a ./Drivers/STM32G4xx_HAL_Driver/Src/stm32g4xx_hal_adc.o
 .text.LL_ADC_EnableIT_AWD1
                0x0000000008004a70       0x1e ./Drivers/STM32G4xx_HAL_Driver/Src/stm32g4xx_hal_adc.o
 .text.LL_ADC_EnableIT_AWD2
                0x0000000008004a8e       0x1e ./Drivers/STM32G4xx_HAL_Driver/Src/stm32g4xx_hal_adc.o
 .text.LL_ADC_EnableIT_AWD3
                0x0000000008004aac       0x1e ./Drivers/STM32G4xx_HAL_Driver/Src/stm32g4xx_hal_adc.o
 .text.LL_ADC_DisableIT_AWD1
                0x0000000008004aca       0x1e ./Drivers/STM32G4xx_HAL_Driver/Src/stm32g4xx_hal_adc.o
 .text.LL_ADC_DisableIT_AWD2
                0x0000000008004ae8       0x1e ./Drivers/STM32G4xx_HAL_Driver/Src/stm32g4xx_hal_adc.o
 .text.LL_ADC_DisableIT_AWD3
                0x0000000008004b06       0x1e ./Drivers/STM32G4xx_HAL_Driver/Src/stm32g4xx_hal_adc.o
 .text.HAL_ADC_Init
                0x0000000008004b24      0x314 ./Drivers/STM32G4xx_HAL_Driver/Src/stm32g4xx_hal_adc.o
                0x0000000008004b24                HAL_ADC_Init
 .text.HAL_ADC_Start_DMA
                0x0000000008004e38      0x168 ./Drivers/STM32G4xx_HAL_Driver/Src/stm32g4xx_hal_adc.o
                0x0000000008004e38                HAL_ADC_Start_DMA
 .text.HAL_ADC_Stop_DMA
                0x0000000008004fa0       0xc2 ./Drivers/STM32G4xx_HAL_Driver/Src/stm32g4xx_hal_adc.o
                0x0000000008004fa0                HAL_ADC_Stop_DMA
 *fill*         0x0000000008005062        0x2 
 .text.HAL_ADC_IRQHandler
                0x0000000008005064      0x434 ./Drivers/STM32G4xx_HAL_Driver/Src/stm32g4xx_hal_adc.o
                0x0000000008005064                HAL_ADC_IRQHandler
 .text.HAL_ADC_ConfigChannel
                0x0000000008005498      0x7e0 ./Drivers/STM32G4xx_HAL_Driver/Src/stm32g4xx_hal_adc.o
                0x0000000008005498                HAL_ADC_ConfigChannel
 .text.HAL_ADC_AnalogWDGConfig
                0x0000000008005c78      0x410 ./Drivers/STM32G4xx_HAL_Driver/Src/stm32g4xx_hal_adc.o
                0x0000000008005c78                HAL_ADC_AnalogWDGConfig
 .text.ADC_ConversionStop
                0x0000000008006088      0x178 ./Drivers/STM32G4xx_HAL_Driver/Src/stm32g4xx_hal_adc.o
                0x0000000008006088                ADC_ConversionStop
 .text.ADC_Enable
                0x0000000008006200       0xc4 ./Drivers/STM32G4xx_HAL_Driver/Src/stm32g4xx_hal_adc.o
                0x0000000008006200                ADC_Enable
 .text.ADC_Disable
                0x00000000080062c4       0xbe ./Drivers/STM32G4xx_HAL_Driver/Src/stm32g4xx_hal_adc.o
                0x00000000080062c4                ADC_Disable
 .text.ADC_DMAConvCplt
                0x0000000008006382       0xd8 ./Drivers/STM32G4xx_HAL_Driver/Src/stm32g4xx_hal_adc.o
                0x0000000008006382                ADC_DMAConvCplt
 .text.ADC_DMAHalfConvCplt
                0x000000000800645a       0x1c ./Drivers/STM32G4xx_HAL_Driver/Src/stm32g4xx_hal_adc.o
                0x000000000800645a                ADC_DMAHalfConvCplt
 .text.ADC_DMAError
                0x0000000008006476       0x34 ./Drivers/STM32G4xx_HAL_Driver/Src/stm32g4xx_hal_adc.o
                0x0000000008006476                ADC_DMAError
 .text.LL_ADC_IsEnabled
                0x00000000080064aa       0x24 ./Drivers/STM32G4xx_HAL_Driver/Src/stm32g4xx_hal_adc_ex.o
 .text.LL_ADC_StartCalibration
                0x00000000080064ce       0x30 ./Drivers/STM32G4xx_HAL_Driver/Src/stm32g4xx_hal_adc_ex.o
 .text.LL_ADC_IsCalibrationOnGoing
                0x00000000080064fe       0x26 ./Drivers/STM32G4xx_HAL_Driver/Src/stm32g4xx_hal_adc_ex.o
 .text.LL_ADC_REG_IsConversionOngoing
                0x0000000008006524       0x24 ./Drivers/STM32G4xx_HAL_Driver/Src/stm32g4xx_hal_adc_ex.o
 .text.HAL_ADCEx_Calibration_Start
                0x0000000008006548       0xc4 ./Drivers/STM32G4xx_HAL_Driver/Src/stm32g4xx_hal_adc_ex.o
                0x0000000008006548                HAL_ADCEx_Calibration_Start
 .text.HAL_ADCEx_InjectedConvCpltCallback
                0x000000000800660c       0x12 ./Drivers/STM32G4xx_HAL_Driver/Src/stm32g4xx_hal_adc_ex.o
                0x000000000800660c                HAL_ADCEx_InjectedConvCpltCallback
 .text.HAL_ADCEx_InjectedQueueOverflowCallback
                0x000000000800661e       0x12 ./Drivers/STM32G4xx_HAL_Driver/Src/stm32g4xx_hal_adc_ex.o
                0x000000000800661e                HAL_ADCEx_InjectedQueueOverflowCallback
 .text.HAL_ADCEx_LevelOutOfWindow2Callback
                0x0000000008006630       0x12 ./Drivers/STM32G4xx_HAL_Driver/Src/stm32g4xx_hal_adc_ex.o
                0x0000000008006630                HAL_ADCEx_LevelOutOfWindow2Callback
 .text.HAL_ADCEx_LevelOutOfWindow3Callback
                0x0000000008006642       0x12 ./Drivers/STM32G4xx_HAL_Driver/Src/stm32g4xx_hal_adc_ex.o
                0x0000000008006642                HAL_ADCEx_LevelOutOfWindow3Callback
 .text.HAL_ADCEx_EndOfSamplingCallback
                0x0000000008006654       0x12 ./Drivers/STM32G4xx_HAL_Driver/Src/stm32g4xx_hal_adc_ex.o
                0x0000000008006654                HAL_ADCEx_EndOfSamplingCallback
 *fill*         0x0000000008006666        0x2 
 .text.HAL_ADCEx_MultiModeConfigChannel
                0x0000000008006668      0x148 ./Drivers/STM32G4xx_HAL_Driver/Src/stm32g4xx_hal_adc_ex.o
                0x0000000008006668                HAL_ADCEx_MultiModeConfigChannel
 .text.__NVIC_SetPriorityGrouping
                0x00000000080067b0       0x48 ./Drivers/STM32G4xx_HAL_Driver/Src/stm32g4xx_hal_cortex.o
 .text.__NVIC_GetPriorityGrouping
                0x00000000080067f8       0x1c ./Drivers/STM32G4xx_HAL_Driver/Src/stm32g4xx_hal_cortex.o
 .text.__NVIC_EnableIRQ
                0x0000000008006814       0x38 ./Drivers/STM32G4xx_HAL_Driver/Src/stm32g4xx_hal_cortex.o
 .text.__NVIC_SetPriority
                0x000000000800684c       0x54 ./Drivers/STM32G4xx_HAL_Driver/Src/stm32g4xx_hal_cortex.o
 .text.NVIC_EncodePriority
                0x00000000080068a0       0x64 ./Drivers/STM32G4xx_HAL_Driver/Src/stm32g4xx_hal_cortex.o
 .text.SysTick_Config
                0x0000000008006904       0x44 ./Drivers/STM32G4xx_HAL_Driver/Src/stm32g4xx_hal_cortex.o
 .text.HAL_NVIC_SetPriorityGrouping
                0x0000000008006948       0x16 ./Drivers/STM32G4xx_HAL_Driver/Src/stm32g4xx_hal_cortex.o
                0x0000000008006948                HAL_NVIC_SetPriorityGrouping
 .text.HAL_NVIC_SetPriority
                0x000000000800695e       0x34 ./Drivers/STM32G4xx_HAL_Driver/Src/stm32g4xx_hal_cortex.o
                0x000000000800695e                HAL_NVIC_SetPriority
 .text.HAL_NVIC_EnableIRQ
                0x0000000008006992       0x1c ./Drivers/STM32G4xx_HAL_Driver/Src/stm32g4xx_hal_cortex.o
                0x0000000008006992                HAL_NVIC_EnableIRQ
 .text.HAL_SYSTICK_Config
                0x00000000080069ae       0x18 ./Drivers/STM32G4xx_HAL_Driver/Src/stm32g4xx_hal_cortex.o
                0x00000000080069ae                HAL_SYSTICK_Config
 *fill*         0x00000000080069c6        0x2 
 .text.HAL_DMA_Init
                0x00000000080069c8      0x150 ./Drivers/STM32G4xx_HAL_Driver/Src/stm32g4xx_hal_dma.o
                0x00000000080069c8                HAL_DMA_Init
 .text.HAL_DMA_Start_IT
                0x0000000008006b18       0xf6 ./Drivers/STM32G4xx_HAL_Driver/Src/stm32g4xx_hal_dma.o
                0x0000000008006b18                HAL_DMA_Start_IT
 .text.HAL_DMA_Abort
                0x0000000008006c0e       0xb0 ./Drivers/STM32G4xx_HAL_Driver/Src/stm32g4xx_hal_dma.o
                0x0000000008006c0e                HAL_DMA_Abort
 .text.HAL_DMA_IRQHandler
                0x0000000008006cbe      0x15e ./Drivers/STM32G4xx_HAL_Driver/Src/stm32g4xx_hal_dma.o
                0x0000000008006cbe                HAL_DMA_IRQHandler
 .text.DMA_SetConfig
                0x0000000008006e1c       0x7a ./Drivers/STM32G4xx_HAL_Driver/Src/stm32g4xx_hal_dma.o
 *fill*         0x0000000008006e96        0x2 
 .text.DMA_CalcDMAMUXChannelBaseAndMask
                0x0000000008006e98       0x78 ./Drivers/STM32G4xx_HAL_Driver/Src/stm32g4xx_hal_dma.o
 .text.DMA_CalcDMAMUXRequestGenBaseAndMask
                0x0000000008006f10       0x48 ./Drivers/STM32G4xx_HAL_Driver/Src/stm32g4xx_hal_dma.o
 .text.HAL_FLASH_IRQHandler
                0x0000000008006f58      0x19c ./Drivers/STM32G4xx_HAL_Driver/Src/stm32g4xx_hal_flash.o
                0x0000000008006f58                HAL_FLASH_IRQHandler
 .text.HAL_FLASH_EndOfOperationCallback
                0x00000000080070f4       0x12 ./Drivers/STM32G4xx_HAL_Driver/Src/stm32g4xx_hal_flash.o
                0x00000000080070f4                HAL_FLASH_EndOfOperationCallback
 .text.HAL_FLASH_OperationErrorCallback
                0x0000000008007106       0x12 ./Drivers/STM32G4xx_HAL_Driver/Src/stm32g4xx_hal_flash.o
                0x0000000008007106                HAL_FLASH_OperationErrorCallback
 .text.FLASH_PageErase
                0x0000000008007118       0x48 ./Drivers/STM32G4xx_HAL_Driver/Src/stm32g4xx_hal_flash_ex.o
                0x0000000008007118                FLASH_PageErase
 .text.FLASH_FlushCaches
                0x0000000008007160       0x84 ./Drivers/STM32G4xx_HAL_Driver/Src/stm32g4xx_hal_flash_ex.o
                0x0000000008007160                FLASH_FlushCaches
 .text.HAL_GPIO_Init
                0x00000000080071e4      0x304 ./Drivers/STM32G4xx_HAL_Driver/Src/stm32g4xx_hal_gpio.o
                0x00000000080071e4                HAL_GPIO_Init
 .text.HAL_GPIO_WritePin
                0x00000000080074e8       0x2e ./Drivers/STM32G4xx_HAL_Driver/Src/stm32g4xx_hal_gpio.o
                0x00000000080074e8                HAL_GPIO_WritePin
 .text.HAL_GPIO_TogglePin
                0x0000000008007516       0x32 ./Drivers/STM32G4xx_HAL_Driver/Src/stm32g4xx_hal_gpio.o
                0x0000000008007516                HAL_GPIO_TogglePin
 .text.HAL_PCD_Init
                0x0000000008007548      0x1ca ./Drivers/STM32G4xx_HAL_Driver/Src/stm32g4xx_hal_pcd.o
                0x0000000008007548                HAL_PCD_Init
 .text.HAL_PCD_Start
                0x0000000008007712       0x44 ./Drivers/STM32G4xx_HAL_Driver/Src/stm32g4xx_hal_pcd.o
                0x0000000008007712                HAL_PCD_Start
 .text.HAL_PCD_IRQHandler
                0x0000000008007756      0x29c ./Drivers/STM32G4xx_HAL_Driver/Src/stm32g4xx_hal_pcd.o
                0x0000000008007756                HAL_PCD_IRQHandler
 .text.HAL_PCD_SetAddress
                0x00000000080079f2       0x4a ./Drivers/STM32G4xx_HAL_Driver/Src/stm32g4xx_hal_pcd.o
                0x00000000080079f2                HAL_PCD_SetAddress
 .text.HAL_PCD_EP_Open
                0x0000000008007a3c       0xcc ./Drivers/STM32G4xx_HAL_Driver/Src/stm32g4xx_hal_pcd.o
                0x0000000008007a3c                HAL_PCD_EP_Open
 .text.HAL_PCD_EP_Close
                0x0000000008007b08       0x90 ./Drivers/STM32G4xx_HAL_Driver/Src/stm32g4xx_hal_pcd.o
                0x0000000008007b08                HAL_PCD_EP_Close
 .text.HAL_PCD_EP_Receive
                0x0000000008007b98       0x7a ./Drivers/STM32G4xx_HAL_Driver/Src/stm32g4xx_hal_pcd.o
                0x0000000008007b98                HAL_PCD_EP_Receive
 .text.HAL_PCD_EP_GetRxCount
                0x0000000008007c12       0x2e ./Drivers/STM32G4xx_HAL_Driver/Src/stm32g4xx_hal_pcd.o
                0x0000000008007c12                HAL_PCD_EP_GetRxCount
 .text.HAL_PCD_EP_Transmit
                0x0000000008007c40       0x86 ./Drivers/STM32G4xx_HAL_Driver/Src/stm32g4xx_hal_pcd.o
                0x0000000008007c40                HAL_PCD_EP_Transmit
 .text.HAL_PCD_EP_SetStall
                0x0000000008007cc6       0xa4 ./Drivers/STM32G4xx_HAL_Driver/Src/stm32g4xx_hal_pcd.o
                0x0000000008007cc6                HAL_PCD_EP_SetStall
 .text.HAL_PCD_EP_ClrStall
                0x0000000008007d6a       0xa8 ./Drivers/STM32G4xx_HAL_Driver/Src/stm32g4xx_hal_pcd.o
                0x0000000008007d6a                HAL_PCD_EP_ClrStall
 .text.PCD_EP_ISR_Handler
                0x0000000008007e12      0x5d4 ./Drivers/STM32G4xx_HAL_Driver/Src/stm32g4xx_hal_pcd.o
 .text.HAL_PCD_EP_DB_Receive
                0x00000000080083e6      0x212 ./Drivers/STM32G4xx_HAL_Driver/Src/stm32g4xx_hal_pcd.o
 .text.HAL_PCD_EP_DB_Transmit
                0x00000000080085f8      0x79c ./Drivers/STM32G4xx_HAL_Driver/Src/stm32g4xx_hal_pcd.o
 .text.HAL_PCDEx_PMAConfig
                0x0000000008008d94       0x84 ./Drivers/STM32G4xx_HAL_Driver/Src/stm32g4xx_hal_pcd_ex.o
                0x0000000008008d94                HAL_PCDEx_PMAConfig
 .text.HAL_PCDEx_ActivateLPM
                0x0000000008008e18       0x52 ./Drivers/STM32G4xx_HAL_Driver/Src/stm32g4xx_hal_pcd_ex.o
                0x0000000008008e18                HAL_PCDEx_ActivateLPM
 .text.HAL_PWR_PVDCallback
                0x0000000008008e6a        0xc ./Drivers/STM32G4xx_HAL_Driver/Src/stm32g4xx_hal_pwr.o
                0x0000000008008e6a                HAL_PWR_PVDCallback
 *fill*         0x0000000008008e76        0x2 
 .text.HAL_PWREx_PVD_PVM_IRQHandler
                0x0000000008008e78       0x7c ./Drivers/STM32G4xx_HAL_Driver/Src/stm32g4xx_hal_pwr_ex.o
                0x0000000008008e78                HAL_PWREx_PVD_PVM_IRQHandler
 .text.HAL_PWREx_PVM1Callback
                0x0000000008008ef4        0xc ./Drivers/STM32G4xx_HAL_Driver/Src/stm32g4xx_hal_pwr_ex.o
                0x0000000008008ef4                HAL_PWREx_PVM1Callback
 .text.HAL_PWREx_PVM2Callback
                0x0000000008008f00        0xc ./Drivers/STM32G4xx_HAL_Driver/Src/stm32g4xx_hal_pwr_ex.o
                0x0000000008008f00                HAL_PWREx_PVM2Callback
 .text.HAL_PWREx_PVM3Callback
                0x0000000008008f0c        0xc ./Drivers/STM32G4xx_HAL_Driver/Src/stm32g4xx_hal_pwr_ex.o
                0x0000000008008f0c                HAL_PWREx_PVM3Callback
 .text.HAL_PWREx_PVM4Callback
                0x0000000008008f18        0xc ./Drivers/STM32G4xx_HAL_Driver/Src/stm32g4xx_hal_pwr_ex.o
                0x0000000008008f18                HAL_PWREx_PVM4Callback
 .text.HAL_PWREx_DisableUCPDDeadBattery
                0x0000000008008f24       0x1c ./Drivers/STM32G4xx_HAL_Driver/Src/stm32g4xx_hal_pwr_ex.o
                0x0000000008008f24                HAL_PWREx_DisableUCPDDeadBattery
 .text.HAL_TIM_Base_Init
                0x0000000008008f40       0xae ./Drivers/STM32G4xx_HAL_Driver/Src/stm32g4xx_hal_tim.o
                0x0000000008008f40                HAL_TIM_Base_Init
 *fill*         0x0000000008008fee        0x2 
 .text.HAL_TIM_Base_Start
                0x0000000008008ff0       0xc0 ./Drivers/STM32G4xx_HAL_Driver/Src/stm32g4xx_hal_tim.o
                0x0000000008008ff0                HAL_TIM_Base_Start
 .text.HAL_TIM_Base_Stop
                0x00000000080090b0       0x4c ./Drivers/STM32G4xx_HAL_Driver/Src/stm32g4xx_hal_tim.o
                0x00000000080090b0                HAL_TIM_Base_Stop
 .text.HAL_TIM_Base_Start_IT
                0x00000000080090fc       0xd0 ./Drivers/STM32G4xx_HAL_Driver/Src/stm32g4xx_hal_tim.o
                0x00000000080090fc                HAL_TIM_Base_Start_IT
 .text.HAL_TIM_PWM_Init
                0x00000000080091cc       0xae ./Drivers/STM32G4xx_HAL_Driver/Src/stm32g4xx_hal_tim.o
                0x00000000080091cc                HAL_TIM_PWM_Init
 *fill*         0x000000000800927a        0x2 
 .text.HAL_TIM_PWM_Start
                0x000000000800927c      0x200 ./Drivers/STM32G4xx_HAL_Driver/Src/stm32g4xx_hal_tim.o
                0x000000000800927c                HAL_TIM_PWM_Start
 .text.HAL_TIM_PWM_Stop
                0x000000000800947c      0x12c ./Drivers/STM32G4xx_HAL_Driver/Src/stm32g4xx_hal_tim.o
                0x000000000800947c                HAL_TIM_PWM_Stop
 .text.HAL_TIM_IRQHandler
                0x00000000080095a8      0x2fe ./Drivers/STM32G4xx_HAL_Driver/Src/stm32g4xx_hal_tim.o
                0x00000000080095a8                HAL_TIM_IRQHandler
 *fill*         0x00000000080098a6        0x2 
 .text.HAL_TIM_PWM_ConfigChannel
                0x00000000080098a8      0x220 ./Drivers/STM32G4xx_HAL_Driver/Src/stm32g4xx_hal_tim.o
                0x00000000080098a8                HAL_TIM_PWM_ConfigChannel
 .text.HAL_TIM_ConfigClockSource
                0x0000000008009ac8      0x1ec ./Drivers/STM32G4xx_HAL_Driver/Src/stm32g4xx_hal_tim.o
                0x0000000008009ac8                HAL_TIM_ConfigClockSource
 .text.HAL_TIM_SlaveConfigSynchro
                0x0000000008009cb4       0x84 ./Drivers/STM32G4xx_HAL_Driver/Src/stm32g4xx_hal_tim.o
                0x0000000008009cb4                HAL_TIM_SlaveConfigSynchro
 .text.HAL_TIM_OC_DelayElapsedCallback
                0x0000000008009d38       0x12 ./Drivers/STM32G4xx_HAL_Driver/Src/stm32g4xx_hal_tim.o
                0x0000000008009d38                HAL_TIM_OC_DelayElapsedCallback
 .text.HAL_TIM_IC_CaptureCallback
                0x0000000008009d4a       0x12 ./Drivers/STM32G4xx_HAL_Driver/Src/stm32g4xx_hal_tim.o
                0x0000000008009d4a                HAL_TIM_IC_CaptureCallback
 .text.HAL_TIM_PWM_PulseFinishedCallback
                0x0000000008009d5c       0x12 ./Drivers/STM32G4xx_HAL_Driver/Src/stm32g4xx_hal_tim.o
                0x0000000008009d5c                HAL_TIM_PWM_PulseFinishedCallback
 .text.HAL_TIM_TriggerCallback
                0x0000000008009d6e       0x12 ./Drivers/STM32G4xx_HAL_Driver/Src/stm32g4xx_hal_tim.o
                0x0000000008009d6e                HAL_TIM_TriggerCallback
 .text.TIM_Base_SetConfig
                0x0000000008009d80      0x11c ./Drivers/STM32G4xx_HAL_Driver/Src/stm32g4xx_hal_tim.o
                0x0000000008009d80                TIM_Base_SetConfig
 .text.TIM_OC1_SetConfig
                0x0000000008009e9c      0x120 ./Drivers/STM32G4xx_HAL_Driver/Src/stm32g4xx_hal_tim.o
 .text.TIM_OC2_SetConfig
                0x0000000008009fbc      0x110 ./Drivers/STM32G4xx_HAL_Driver/Src/stm32g4xx_hal_tim.o
                0x0000000008009fbc                TIM_OC2_SetConfig
 .text.TIM_OC3_SetConfig
                0x000000000800a0cc      0x110 ./Drivers/STM32G4xx_HAL_Driver/Src/stm32g4xx_hal_tim.o
 .text.TIM_OC4_SetConfig
                0x000000000800a1dc      0x110 ./Drivers/STM32G4xx_HAL_Driver/Src/stm32g4xx_hal_tim.o
 .text.TIM_OC5_SetConfig
                0x000000000800a2ec       0xc8 ./Drivers/STM32G4xx_HAL_Driver/Src/stm32g4xx_hal_tim.o
 .text.TIM_OC6_SetConfig
                0x000000000800a3b4       0xc8 ./Drivers/STM32G4xx_HAL_Driver/Src/stm32g4xx_hal_tim.o
 .text.TIM_SlaveTimer_SetConfig
                0x000000000800a47c      0x180 ./Drivers/STM32G4xx_HAL_Driver/Src/stm32g4xx_hal_tim.o
 .text.TIM_TI1_ConfigInputStage
                0x000000000800a5fc       0x5c ./Drivers/STM32G4xx_HAL_Driver/Src/stm32g4xx_hal_tim.o
 .text.TIM_TI2_ConfigInputStage
                0x000000000800a658       0x5e ./Drivers/STM32G4xx_HAL_Driver/Src/stm32g4xx_hal_tim.o
 .text.TIM_ITRx_SetConfig
                0x000000000800a6b6       0x38 ./Drivers/STM32G4xx_HAL_Driver/Src/stm32g4xx_hal_tim.o
 .text.TIM_ETR_SetConfig
                0x000000000800a6ee       0x3e ./Drivers/STM32G4xx_HAL_Driver/Src/stm32g4xx_hal_tim.o
                0x000000000800a6ee                TIM_ETR_SetConfig
 .text.TIM_CCxChannelCmd
                0x000000000800a72c       0x48 ./Drivers/STM32G4xx_HAL_Driver/Src/stm32g4xx_hal_tim.o
                0x000000000800a72c                TIM_CCxChannelCmd
 .text.HAL_TIMEx_MasterConfigSynchronization
                0x000000000800a774      0x104 ./Drivers/STM32G4xx_HAL_Driver/Src/stm32g4xx_hal_tim_ex.o
                0x000000000800a774                HAL_TIMEx_MasterConfigSynchronization
 .text.HAL_TIMEx_CommutCallback
                0x000000000800a878       0x12 ./Drivers/STM32G4xx_HAL_Driver/Src/stm32g4xx_hal_tim_ex.o
                0x000000000800a878                HAL_TIMEx_CommutCallback
 .text.HAL_TIMEx_BreakCallback
                0x000000000800a88a       0x12 ./Drivers/STM32G4xx_HAL_Driver/Src/stm32g4xx_hal_tim_ex.o
                0x000000000800a88a                HAL_TIMEx_BreakCallback
 .text.HAL_TIMEx_Break2Callback
                0x000000000800a89c       0x12 ./Drivers/STM32G4xx_HAL_Driver/Src/stm32g4xx_hal_tim_ex.o
                0x000000000800a89c                HAL_TIMEx_Break2Callback
 .text.HAL_TIMEx_EncoderIndexCallback
                0x000000000800a8ae       0x12 ./Drivers/STM32G4xx_HAL_Driver/Src/stm32g4xx_hal_tim_ex.o
                0x000000000800a8ae                HAL_TIMEx_EncoderIndexCallback
 .text.HAL_TIMEx_DirectionChangeCallback
                0x000000000800a8c0       0x12 ./Drivers/STM32G4xx_HAL_Driver/Src/stm32g4xx_hal_tim_ex.o
                0x000000000800a8c0                HAL_TIMEx_DirectionChangeCallback
 .text.HAL_TIMEx_IndexErrorCallback
                0x000000000800a8d2       0x12 ./Drivers/STM32G4xx_HAL_Driver/Src/stm32g4xx_hal_tim_ex.o
                0x000000000800a8d2                HAL_TIMEx_IndexErrorCallback
 .text.HAL_TIMEx_TransitionErrorCallback
                0x000000000800a8e4       0x12 ./Drivers/STM32G4xx_HAL_Driver/Src/stm32g4xx_hal_tim_ex.o
                0x000000000800a8e4                HAL_TIMEx_TransitionErrorCallback
 .text.USB_EnableGlobalInt
                0x000000000800a8f6       0x2c ./Drivers/STM32G4xx_HAL_Driver/Src/stm32g4xx_ll_usb.o
                0x000000000800a8f6                USB_EnableGlobalInt
 .text.USB_DisableGlobalInt
                0x000000000800a922       0x34 ./Drivers/STM32G4xx_HAL_Driver/Src/stm32g4xx_ll_usb.o
                0x000000000800a922                USB_DisableGlobalInt
 .text.USB_DevInit
                0x000000000800a956       0x40 ./Drivers/STM32G4xx_HAL_Driver/Src/stm32g4xx_ll_usb.o
                0x000000000800a956                USB_DevInit
 *fill*         0x000000000800a996        0x2 
 .text.USB_ActivateEndpoint
                0x000000000800a998      0x6d8 ./Drivers/STM32G4xx_HAL_Driver/Src/stm32g4xx_ll_usb.o
                0x000000000800a998                USB_ActivateEndpoint
 .text.USB_DeactivateEndpoint
                0x000000000800b070      0x3d8 ./Drivers/STM32G4xx_HAL_Driver/Src/stm32g4xx_ll_usb.o
                0x000000000800b070                USB_DeactivateEndpoint
 .text.USB_EPStartXfer
                0x000000000800b448     0x15ee ./Drivers/STM32G4xx_HAL_Driver/Src/stm32g4xx_ll_usb.o
                0x000000000800b448                USB_EPStartXfer
 .text.USB_EPSetStall
                0x000000000800ca36       0xa0 ./Drivers/STM32G4xx_HAL_Driver/Src/stm32g4xx_ll_usb.o
                0x000000000800ca36                USB_EPSetStall
 .text.USB_EPClearStall
                0x000000000800cad6      0x15a ./Drivers/STM32G4xx_HAL_Driver/Src/stm32g4xx_ll_usb.o
                0x000000000800cad6                USB_EPClearStall
 .text.USB_SetDevAddress
                0x000000000800cc30       0x26 ./Drivers/STM32G4xx_HAL_Driver/Src/stm32g4xx_ll_usb.o
                0x000000000800cc30                USB_SetDevAddress
 .text.USB_DevConnect
                0x000000000800cc56       0x2c ./Drivers/STM32G4xx_HAL_Driver/Src/stm32g4xx_ll_usb.o
                0x000000000800cc56                USB_DevConnect
 .text.USB_ReadInterrupts
                0x000000000800cc82       0x1e ./Drivers/STM32G4xx_HAL_Driver/Src/stm32g4xx_ll_usb.o
                0x000000000800cc82                USB_ReadInterrupts
 .text.USB_WritePMA
                0x000000000800cca0       0x82 ./Drivers/STM32G4xx_HAL_Driver/Src/stm32g4xx_ll_usb.o
                0x000000000800cca0                USB_WritePMA
 .text.USB_ReadPMA
                0x000000000800cd22       0x96 ./Drivers/STM32G4xx_HAL_Driver/Src/stm32g4xx_ll_usb.o
                0x000000000800cd22                USB_ReadPMA
 .text.LL_SetSystemCoreClock
                0x000000000800cdb8       0x1c ./Drivers/STM32G4xx_HAL_Driver/Src/stm32g4xx_ll_utils.o
                0x000000000800cdb8                LL_SetSystemCoreClock
 .text.USBD_CDC_Init
                0x000000000800cdd4       0xfe ./Middlewares/ST/STM32_USB_Device_Library/Class/CDC/Src/usbd_cdc.o
 .text.USBD_CDC_DeInit
                0x000000000800ced2       0x74 ./Middlewares/ST/STM32_USB_Device_Library/Class/CDC/Src/usbd_cdc.o
 *fill*         0x000000000800cf46        0x2 
 .text.USBD_CDC_Setup
                0x000000000800cf48      0x190 ./Middlewares/ST/STM32_USB_Device_Library/Class/CDC/Src/usbd_cdc.o
 .text.USBD_CDC_DataIn
                0x000000000800d0d8       0xca ./Middlewares/ST/STM32_USB_Device_Library/Class/CDC/Src/usbd_cdc.o
 .text.USBD_CDC_DataOut
                0x000000000800d1a2       0x56 ./Middlewares/ST/STM32_USB_Device_Library/Class/CDC/Src/usbd_cdc.o
 .text.USBD_CDC_EP0_RxReady
                0x000000000800d1f8       0x5a ./Middlewares/ST/STM32_USB_Device_Library/Class/CDC/Src/usbd_cdc.o
 *fill*         0x000000000800d252        0x2 
 .text.USBD_CDC_GetFSCfgDesc
                0x000000000800d254       0x20 ./Middlewares/ST/STM32_USB_Device_Library/Class/CDC/Src/usbd_cdc.o
 .text.USBD_CDC_GetHSCfgDesc
                0x000000000800d274       0x20 ./Middlewares/ST/STM32_USB_Device_Library/Class/CDC/Src/usbd_cdc.o
 .text.USBD_CDC_GetOtherSpeedCfgDesc
                0x000000000800d294       0x20 ./Middlewares/ST/STM32_USB_Device_Library/Class/CDC/Src/usbd_cdc.o
 .text.USBD_CDC_GetDeviceQualifierDescriptor
                0x000000000800d2b4       0x20 ./Middlewares/ST/STM32_USB_Device_Library/Class/CDC/Src/usbd_cdc.o
                0x000000000800d2b4                USBD_CDC_GetDeviceQualifierDescriptor
 .text.USBD_CDC_RegisterInterface
                0x000000000800d2d4       0x28 ./Middlewares/ST/STM32_USB_Device_Library/Class/CDC/Src/usbd_cdc.o
                0x000000000800d2d4                USBD_CDC_RegisterInterface
 .text.USBD_CDC_SetTxBuffer
                0x000000000800d2fc       0x3a ./Middlewares/ST/STM32_USB_Device_Library/Class/CDC/Src/usbd_cdc.o
                0x000000000800d2fc                USBD_CDC_SetTxBuffer
 .text.USBD_CDC_SetRxBuffer
                0x000000000800d336       0x30 ./Middlewares/ST/STM32_USB_Device_Library/Class/CDC/Src/usbd_cdc.o
                0x000000000800d336                USBD_CDC_SetRxBuffer
 .text.USBD_CDC_TransmitPacket
                0x000000000800d366       0x60 ./Middlewares/ST/STM32_USB_Device_Library/Class/CDC/Src/usbd_cdc.o
                0x000000000800d366                USBD_CDC_TransmitPacket
 .text.USBD_CDC_ReceivePacket
                0x000000000800d3c6       0x54 ./Middlewares/ST/STM32_USB_Device_Library/Class/CDC/Src/usbd_cdc.o
                0x000000000800d3c6                USBD_CDC_ReceivePacket
 .text.USBD_Init
                0x000000000800d41a       0x60 ./Middlewares/ST/STM32_USB_Device_Library/Core/Src/usbd_core.o
                0x000000000800d41a                USBD_Init
 .text.USBD_RegisterClass
                0x000000000800d47a       0x4e ./Middlewares/ST/STM32_USB_Device_Library/Core/Src/usbd_core.o
                0x000000000800d47a                USBD_RegisterClass
 .text.USBD_Start
                0x000000000800d4c8       0x18 ./Middlewares/ST/STM32_USB_Device_Library/Core/Src/usbd_core.o
                0x000000000800d4c8                USBD_Start
 .text.USBD_RunTestMode
                0x000000000800d4e0       0x14 ./Middlewares/ST/STM32_USB_Device_Library/Core/Src/usbd_core.o
                0x000000000800d4e0                USBD_RunTestMode
 .text.USBD_SetClassConfig
                0x000000000800d4f4       0x38 ./Middlewares/ST/STM32_USB_Device_Library/Core/Src/usbd_core.o
                0x000000000800d4f4                USBD_SetClassConfig
 .text.USBD_ClrClassConfig
                0x000000000800d52c       0x30 ./Middlewares/ST/STM32_USB_Device_Library/Core/Src/usbd_core.o
                0x000000000800d52c                USBD_ClrClassConfig
 .text.USBD_LL_SetupStage
                0x000000000800d55c       0xaa ./Middlewares/ST/STM32_USB_Device_Library/Core/Src/usbd_core.o
                0x000000000800d55c                USBD_LL_SetupStage
 .text.USBD_LL_DataOutStage
                0x000000000800d606       0xc6 ./Middlewares/ST/STM32_USB_Device_Library/Core/Src/usbd_core.o
                0x000000000800d606                USBD_LL_DataOutStage
 .text.USBD_LL_DataInStage
                0x000000000800d6cc      0x12c ./Middlewares/ST/STM32_USB_Device_Library/Core/Src/usbd_core.o
                0x000000000800d6cc                USBD_LL_DataInStage
 .text.USBD_LL_Reset
                0x000000000800d7f8       0x9c ./Middlewares/ST/STM32_USB_Device_Library/Core/Src/usbd_core.o
                0x000000000800d7f8                USBD_LL_Reset
 .text.USBD_LL_SetSpeed
                0x000000000800d894       0x1e ./Middlewares/ST/STM32_USB_Device_Library/Core/Src/usbd_core.o
                0x000000000800d894                USBD_LL_SetSpeed
 .text.USBD_LL_Suspend
                0x000000000800d8b2       0x2a ./Middlewares/ST/STM32_USB_Device_Library/Core/Src/usbd_core.o
                0x000000000800d8b2                USBD_LL_Suspend
 .text.USBD_LL_Resume
                0x000000000800d8dc       0x2e ./Middlewares/ST/STM32_USB_Device_Library/Core/Src/usbd_core.o
                0x000000000800d8dc                USBD_LL_Resume
 .text.USBD_LL_SOF
                0x000000000800d90a       0x44 ./Middlewares/ST/STM32_USB_Device_Library/Core/Src/usbd_core.o
                0x000000000800d90a                USBD_LL_SOF
 .text.SWAPBYTE
                0x000000000800d94e       0x3a ./Middlewares/ST/STM32_USB_Device_Library/Core/Src/usbd_ctlreq.o
 .text.USBD_StdDevReq
                0x000000000800d988       0xdc ./Middlewares/ST/STM32_USB_Device_Library/Core/Src/usbd_ctlreq.o
                0x000000000800d988                USBD_StdDevReq
 .text.USBD_StdItfReq
                0x000000000800da64       0x92 ./Middlewares/ST/STM32_USB_Device_Library/Core/Src/usbd_ctlreq.o
                0x000000000800da64                USBD_StdItfReq
 .text.USBD_StdEPReq
                0x000000000800daf6      0x2c4 ./Middlewares/ST/STM32_USB_Device_Library/Core/Src/usbd_ctlreq.o
                0x000000000800daf6                USBD_StdEPReq
 *fill*         0x000000000800ddba        0x2 
 .text.USBD_GetDescriptor
                0x000000000800ddbc      0x328 ./Middlewares/ST/STM32_USB_Device_Library/Core/Src/usbd_ctlreq.o
 .text.USBD_SetAddress
                0x000000000800e0e4       0x88 ./Middlewares/ST/STM32_USB_Device_Library/Core/Src/usbd_ctlreq.o
 .text.USBD_SetConfig
                0x000000000800e16c      0x14c ./Middlewares/ST/STM32_USB_Device_Library/Core/Src/usbd_ctlreq.o
 .text.USBD_GetConfig
                0x000000000800e2b8       0x6c ./Middlewares/ST/STM32_USB_Device_Library/Core/Src/usbd_ctlreq.o
 .text.USBD_GetStatus
                0x000000000800e324       0x68 ./Middlewares/ST/STM32_USB_Device_Library/Core/Src/usbd_ctlreq.o
 .text.USBD_SetFeature
                0x000000000800e38c       0x28 ./Middlewares/ST/STM32_USB_Device_Library/Core/Src/usbd_ctlreq.o
 .text.USBD_ClrFeature
                0x000000000800e3b4       0x44 ./Middlewares/ST/STM32_USB_Device_Library/Core/Src/usbd_ctlreq.o
 .text.USBD_ParseSetupRequest
                0x000000000800e3f8       0x74 ./Middlewares/ST/STM32_USB_Device_Library/Core/Src/usbd_ctlreq.o
                0x000000000800e3f8                USBD_ParseSetupRequest
 .text.USBD_CtlError
                0x000000000800e46c       0x22 ./Middlewares/ST/STM32_USB_Device_Library/Core/Src/usbd_ctlreq.o
                0x000000000800e46c                USBD_CtlError
 .text.USBD_GetString
                0x000000000800e48e       0x8c ./Middlewares/ST/STM32_USB_Device_Library/Core/Src/usbd_ctlreq.o
                0x000000000800e48e                USBD_GetString
 .text.USBD_GetLen
                0x000000000800e51a       0x32 ./Middlewares/ST/STM32_USB_Device_Library/Core/Src/usbd_ctlreq.o
 .text.USBD_CtlSendData
                0x000000000800e54c       0x36 ./Middlewares/ST/STM32_USB_Device_Library/Core/Src/usbd_ioreq.o
                0x000000000800e54c                USBD_CtlSendData
 .text.USBD_CtlContinueSendData
                0x000000000800e582       0x22 ./Middlewares/ST/STM32_USB_Device_Library/Core/Src/usbd_ioreq.o
                0x000000000800e582                USBD_CtlContinueSendData
 .text.USBD_CtlPrepareRx
                0x000000000800e5a4       0x3a ./Middlewares/ST/STM32_USB_Device_Library/Core/Src/usbd_ioreq.o
                0x000000000800e5a4                USBD_CtlPrepareRx
 .text.USBD_CtlContinueRx
                0x000000000800e5de       0x22 ./Middlewares/ST/STM32_USB_Device_Library/Core/Src/usbd_ioreq.o
                0x000000000800e5de                USBD_CtlContinueRx
 .text.USBD_CtlSendStatus
                0x000000000800e600       0x26 ./Middlewares/ST/STM32_USB_Device_Library/Core/Src/usbd_ioreq.o
                0x000000000800e600                USBD_CtlSendStatus
 .text.USBD_CtlReceiveStatus
                0x000000000800e626       0x26 ./Middlewares/ST/STM32_USB_Device_Library/Core/Src/usbd_ioreq.o
                0x000000000800e626                USBD_CtlReceiveStatus
 .text.MX_USB_Device_Init
                0x000000000800e64c       0x60 ./USB_Device/App/usb_device.o
                0x000000000800e64c                MX_USB_Device_Init
 .text.CDC_Init_FS
                0x000000000800e6ac       0x28 ./USB_Device/App/usbd_cdc_if.o
 .text.CDC_DeInit_FS
                0x000000000800e6d4        0xe ./USB_Device/App/usbd_cdc_if.o
 *fill*         0x000000000800e6e2        0x2 
 .text.CDC_Control_FS
                0x000000000800e6e4      0x144 ./USB_Device/App/usbd_cdc_if.o
 .text.CDC_Receive_FS
                0x000000000800e828       0x30 ./USB_Device/App/usbd_cdc_if.o
 .text.CDC_Transmit_FS
                0x000000000800e858       0x70 ./USB_Device/App/usbd_cdc_if.o
                0x000000000800e858                CDC_Transmit_FS
 .text.CDC_TransmitCplt_FS
                0x000000000800e8c8       0x20 ./USB_Device/App/usbd_cdc_if.o
 .text.USBD_CDC_DeviceDescriptor
                0x000000000800e8e8       0x24 ./USB_Device/App/usbd_desc.o
                0x000000000800e8e8                USBD_CDC_DeviceDescriptor
 .text.USBD_CDC_LangIDStrDescriptor
                0x000000000800e90c       0x24 ./USB_Device/App/usbd_desc.o
                0x000000000800e90c                USBD_CDC_LangIDStrDescriptor
 .text.USBD_CDC_ProductStrDescriptor
                0x000000000800e930       0x3c ./USB_Device/App/usbd_desc.o
                0x000000000800e930                USBD_CDC_ProductStrDescriptor
 .text.USBD_CDC_ManufacturerStrDescriptor
                0x000000000800e96c       0x28 ./USB_Device/App/usbd_desc.o
                0x000000000800e96c                USBD_CDC_ManufacturerStrDescriptor
 .text.USBD_CDC_SerialStrDescriptor
                0x000000000800e994       0x24 ./USB_Device/App/usbd_desc.o
                0x000000000800e994                USBD_CDC_SerialStrDescriptor
 .text.USBD_CDC_ConfigStrDescriptor
                0x000000000800e9b8       0x3c ./USB_Device/App/usbd_desc.o
                0x000000000800e9b8                USBD_CDC_ConfigStrDescriptor
 .text.USBD_CDC_InterfaceStrDescriptor
                0x000000000800e9f4       0x3c ./USB_Device/App/usbd_desc.o
                0x000000000800e9f4                USBD_CDC_InterfaceStrDescriptor
 .text.Get_SerialNum
                0x000000000800ea30       0x58 ./USB_Device/App/usbd_desc.o
 .text.IntToUnicode
                0x000000000800ea88       0x7c ./USB_Device/App/usbd_desc.o
 .text.HAL_PCD_MspInit
                0x000000000800eb04       0x5c ./USB_Device/Target/usbd_conf.o
                0x000000000800eb04                HAL_PCD_MspInit
 .text.HAL_PCD_SetupStageCallback
                0x000000000800eb60       0x24 ./USB_Device/Target/usbd_conf.o
                0x000000000800eb60                HAL_PCD_SetupStageCallback
 .text.HAL_PCD_DataOutStageCallback
                0x000000000800eb84       0x36 ./USB_Device/Target/usbd_conf.o
                0x000000000800eb84                HAL_PCD_DataOutStageCallback
 .text.HAL_PCD_DataInStageCallback
                0x000000000800ebba       0x34 ./USB_Device/Target/usbd_conf.o
                0x000000000800ebba                HAL_PCD_DataInStageCallback
 .text.HAL_PCD_SOFCallback
                0x000000000800ebee       0x1c ./USB_Device/Target/usbd_conf.o
                0x000000000800ebee                HAL_PCD_SOFCallback
 .text.HAL_PCD_ResetCallback
                0x000000000800ec0a       0x3c ./USB_Device/Target/usbd_conf.o
                0x000000000800ec0a                HAL_PCD_ResetCallback
 *fill*         0x000000000800ec46        0x2 
 .text.HAL_PCD_SuspendCallback
                0x000000000800ec48       0x34 ./USB_Device/Target/usbd_conf.o
                0x000000000800ec48                HAL_PCD_SuspendCallback
 .text.HAL_PCD_ResumeCallback
                0x000000000800ec7c       0x38 ./USB_Device/Target/usbd_conf.o
                0x000000000800ec7c                HAL_PCD_ResumeCallback
 .text.USBD_LL_Init
                0x000000000800ecb4       0xc0 ./USB_Device/Target/usbd_conf.o
                0x000000000800ecb4                USBD_LL_Init
 .text.USBD_LL_Start
                0x000000000800ed74       0x36 ./USB_Device/Target/usbd_conf.o
                0x000000000800ed74                USBD_LL_Start
 .text.USBD_LL_OpenEP
                0x000000000800edaa       0x4c ./USB_Device/Target/usbd_conf.o
                0x000000000800edaa                USBD_LL_OpenEP
 .text.USBD_LL_CloseEP
                0x000000000800edf6       0x3e ./USB_Device/Target/usbd_conf.o
                0x000000000800edf6                USBD_LL_CloseEP
 .text.USBD_LL_StallEP
                0x000000000800ee34       0x3e ./USB_Device/Target/usbd_conf.o
                0x000000000800ee34                USBD_LL_StallEP
 .text.USBD_LL_ClearStallEP
                0x000000000800ee72       0x3e ./USB_Device/Target/usbd_conf.o
                0x000000000800ee72                USBD_LL_ClearStallEP
 .text.USBD_LL_IsStallEP
                0x000000000800eeb0       0x58 ./USB_Device/Target/usbd_conf.o
                0x000000000800eeb0                USBD_LL_IsStallEP
 .text.USBD_LL_SetUSBAddress
                0x000000000800ef08       0x3e ./USB_Device/Target/usbd_conf.o
                0x000000000800ef08                USBD_LL_SetUSBAddress
 .text.USBD_LL_Transmit
                0x000000000800ef46       0x42 ./USB_Device/Target/usbd_conf.o
                0x000000000800ef46                USBD_LL_Transmit
 .text.USBD_LL_PrepareReceive
                0x000000000800ef88       0x42 ./USB_Device/Target/usbd_conf.o
                0x000000000800ef88                USBD_LL_PrepareReceive
 .text.USBD_LL_GetRxDataSize
                0x000000000800efca       0x26 ./USB_Device/Target/usbd_conf.o
                0x000000000800efca                USBD_LL_GetRxDataSize
 .text.HAL_PCDEx_LPM_Callback
                0x000000000800eff0       0x6c ./USB_Device/Target/usbd_conf.o
                0x000000000800eff0                HAL_PCDEx_LPM_Callback
 .text.USBD_static_malloc
                0x000000000800f05c       0x18 ./USB_Device/Target/usbd_conf.o
                0x000000000800f05c                USBD_static_malloc
 .text.USBD_static_free
                0x000000000800f074       0x12 ./USB_Device/Target/usbd_conf.o
                0x000000000800f074                USBD_static_free
 .text.SystemClockConfig_Resume
                0x000000000800f086        0xc ./USB_Device/Target/usbd_conf.o
 *fill*         0x000000000800f092        0x2 
 .text.USBD_Get_USB_Status
                0x000000000800f094       0x58 ./USB_Device/Target/usbd_conf.o
 .text.__errno  0x000000000800f0ec        0xc c:/st/stm32cubeide_1.5.1/stm32cubeide/plugins/com.st.stm32cube.ide.mcu.externaltools.gnu-tools-for-stm32.9-2020-q2-update.win32_2.0.0.202105311346/tools/bin/../lib/gcc/arm-none-eabi/9.3.1/../../../../arm-none-eabi/lib/thumb/v7e-m/nofp\libc_nano.a(lib_a-errno.o)
                0x000000000800f0ec                __errno
 .text.__libc_init_array
                0x000000000800f0f8       0x48 c:/st/stm32cubeide_1.5.1/stm32cubeide/plugins/com.st.stm32cube.ide.mcu.externaltools.gnu-tools-for-stm32.9-2020-q2-update.win32_2.0.0.202105311346/tools/bin/../lib/gcc/arm-none-eabi/9.3.1/../../../../arm-none-eabi/lib/thumb/v7e-m/nofp\libc_nano.a(lib_a-init.o)
                0x000000000800f0f8                __libc_init_array
 .text.memset   0x000000000800f140       0x10 c:/st/stm32cubeide_1.5.1/stm32cubeide/plugins/com.st.stm32cube.ide.mcu.externaltools.gnu-tools-for-stm32.9-2020-q2-update.win32_2.0.0.202105311346/tools/bin/../lib/gcc/arm-none-eabi/9.3.1/../../../../arm-none-eabi/lib/thumb/v7e-m/nofp\libc_nano.a(lib_a-memset.o)
                0x000000000800f140                memset
 .text.__cvt    0x000000000800f150       0xc0 c:/st/stm32cubeide_1.5.1/stm32cubeide/plugins/com.st.stm32cube.ide.mcu.externaltools.gnu-tools-for-stm32.9-2020-q2-update.win32_2.0.0.202105311346/tools/bin/../lib/gcc/arm-none-eabi/9.3.1/../../../../arm-none-eabi/lib/thumb/v7e-m/nofp\libc_nano.a(lib_a-nano-vfprintf_float.o)
                0x000000000800f150                __cvt
 .text.__exponent
                0x000000000800f210       0x7c c:/st/stm32cubeide_1.5.1/stm32cubeide/plugins/com.st.stm32cube.ide.mcu.externaltools.gnu-tools-for-stm32.9-2020-q2-update.win32_2.0.0.202105311346/tools/bin/../lib/gcc/arm-none-eabi/9.3.1/../../../../arm-none-eabi/lib/thumb/v7e-m/nofp\libc_nano.a(lib_a-nano-vfprintf_float.o)
                0x000000000800f210                __exponent
 .text._printf_float
                0x000000000800f28c      0x454 c:/st/stm32cubeide_1.5.1/stm32cubeide/plugins/com.st.stm32cube.ide.mcu.externaltools.gnu-tools-for-stm32.9-2020-q2-update.win32_2.0.0.202105311346/tools/bin/../lib/gcc/arm-none-eabi/9.3.1/../../../../arm-none-eabi/lib/thumb/v7e-m/nofp\libc_nano.a(lib_a-nano-vfprintf_float.o)
                0x000000000800f28c                _printf_float
 .text._printf_common
                0x000000000800f6e0       0xda c:/st/stm32cubeide_1.5.1/stm32cubeide/plugins/com.st.stm32cube.ide.mcu.externaltools.gnu-tools-for-stm32.9-2020-q2-update.win32_2.0.0.202105311346/tools/bin/../lib/gcc/arm-none-eabi/9.3.1/../../../../arm-none-eabi/lib/thumb/v7e-m/nofp\libc_nano.a(lib_a-nano-vfprintf_i.o)
                0x000000000800f6e0                _printf_common
 *fill*         0x000000000800f7ba        0x2 
 .text._printf_i
                0x000000000800f7bc      0x24c c:/st/stm32cubeide_1.5.1/stm32cubeide/plugins/com.st.stm32cube.ide.mcu.externaltools.gnu-tools-for-stm32.9-2020-q2-update.win32_2.0.0.202105311346/tools/bin/../lib/gcc/arm-none-eabi/9.3.1/../../../../arm-none-eabi/lib/thumb/v7e-m/nofp\libc_nano.a(lib_a-nano-vfprintf_i.o)
                0x000000000800f7bc                _printf_i
 .text.sprintf  0x000000000800fa08       0x40 c:/st/stm32cubeide_1.5.1/stm32cubeide/plugins/com.st.stm32cube.ide.mcu.externaltools.gnu-tools-for-stm32.9-2020-q2-update.win32_2.0.0.202105311346/tools/bin/../lib/gcc/arm-none-eabi/9.3.1/../../../../arm-none-eabi/lib/thumb/v7e-m/nofp\libc_nano.a(lib_a-sprintf.o)
                0x000000000800fa08                siprintf
                0x000000000800fa08                sprintf
 .text.quorem   0x000000000800fa48      0x116 c:/st/stm32cubeide_1.5.1/stm32cubeide/plugins/com.st.stm32cube.ide.mcu.externaltools.gnu-tools-for-stm32.9-2020-q2-update.win32_2.0.0.202105311346/tools/bin/../lib/gcc/arm-none-eabi/9.3.1/../../../../arm-none-eabi/lib/thumb/v7e-m/nofp\libc_nano.a(lib_a-dtoa.o)
 *fill*         0x000000000800fb5e        0x2 
 .text._dtoa_r  0x000000000800fb60      0xbdc c:/st/stm32cubeide_1.5.1/stm32cubeide/plugins/com.st.stm32cube.ide.mcu.externaltools.gnu-tools-for-stm32.9-2020-q2-update.win32_2.0.0.202105311346/tools/bin/../lib/gcc/arm-none-eabi/9.3.1/../../../../arm-none-eabi/lib/thumb/v7e-m/nofp\libc_nano.a(lib_a-dtoa.o)
                0x000000000800fb60                _dtoa_r
 .text._localeconv_r
                0x000000000801073c        0x8 c:/st/stm32cubeide_1.5.1/stm32cubeide/plugins/com.st.stm32cube.ide.mcu.externaltools.gnu-tools-for-stm32.9-2020-q2-update.win32_2.0.0.202105311346/tools/bin/../lib/gcc/arm-none-eabi/9.3.1/../../../../arm-none-eabi/lib/thumb/v7e-m/nofp\libc_nano.a(lib_a-localeconv.o)
                0x000000000801073c                _localeconv_r
 .text.malloc   0x0000000008010744       0x10 c:/st/stm32cubeide_1.5.1/stm32cubeide/plugins/com.st.stm32cube.ide.mcu.externaltools.gnu-tools-for-stm32.9-2020-q2-update.win32_2.0.0.202105311346/tools/bin/../lib/gcc/arm-none-eabi/9.3.1/../../../../arm-none-eabi/lib/thumb/v7e-m/nofp\libc_nano.a(lib_a-malloc.o)
                0x0000000008010744                malloc
 .text.memcpy   0x0000000008010754       0x1c c:/st/stm32cubeide_1.5.1/stm32cubeide/plugins/com.st.stm32cube.ide.mcu.externaltools.gnu-tools-for-stm32.9-2020-q2-update.win32_2.0.0.202105311346/tools/bin/../lib/gcc/arm-none-eabi/9.3.1/../../../../arm-none-eabi/lib/thumb/v7e-m/nofp\libc_nano.a(lib_a-memcpy-stub.o)
                0x0000000008010754                memcpy
 .text._Balloc  0x0000000008010770       0x80 c:/st/stm32cubeide_1.5.1/stm32cubeide/plugins/com.st.stm32cube.ide.mcu.externaltools.gnu-tools-for-stm32.9-2020-q2-update.win32_2.0.0.202105311346/tools/bin/../lib/gcc/arm-none-eabi/9.3.1/../../../../arm-none-eabi/lib/thumb/v7e-m/nofp\libc_nano.a(lib_a-mprec.o)
                0x0000000008010770                _Balloc
 .text._Bfree   0x00000000080107f0       0x44 c:/st/stm32cubeide_1.5.1/stm32cubeide/plugins/com.st.stm32cube.ide.mcu.externaltools.gnu-tools-for-stm32.9-2020-q2-update.win32_2.0.0.202105311346/tools/bin/../lib/gcc/arm-none-eabi/9.3.1/../../../../arm-none-eabi/lib/thumb/v7e-m/nofp\libc_nano.a(lib_a-mprec.o)
                0x00000000080107f0                _Bfree
 .text.__multadd
                0x0000000008010834       0x94 c:/st/stm32cubeide_1.5.1/stm32cubeide/plugins/com.st.stm32cube.ide.mcu.externaltools.gnu-tools-for-stm32.9-2020-q2-update.win32_2.0.0.202105311346/tools/bin/../lib/gcc/arm-none-eabi/9.3.1/../../../../arm-none-eabi/lib/thumb/v7e-m/nofp\libc_nano.a(lib_a-mprec.o)
                0x0000000008010834                __multadd
 .text.__hi0bits
                0x00000000080108c8       0x40 c:/st/stm32cubeide_1.5.1/stm32cubeide/plugins/com.st.stm32cube.ide.mcu.externaltools.gnu-tools-for-stm32.9-2020-q2-update.win32_2.0.0.202105311346/tools/bin/../lib/gcc/arm-none-eabi/9.3.1/../../../../arm-none-eabi/lib/thumb/v7e-m/nofp\libc_nano.a(lib_a-mprec.o)
                0x00000000080108c8                __hi0bits
 .text.__lo0bits
                0x0000000008010908       0x5c c:/st/stm32cubeide_1.5.1/stm32cubeide/plugins/com.st.stm32cube.ide.mcu.externaltools.gnu-tools-for-stm32.9-2020-q2-update.win32_2.0.0.202105311346/tools/bin/../lib/gcc/arm-none-eabi/9.3.1/../../../../arm-none-eabi/lib/thumb/v7e-m/nofp\libc_nano.a(lib_a-mprec.o)
                0x0000000008010908                __lo0bits
 .text.__i2b    0x0000000008010964       0x2c c:/st/stm32cubeide_1.5.1/stm32cubeide/plugins/com.st.stm32cube.ide.mcu.externaltools.gnu-tools-for-stm32.9-2020-q2-update.win32_2.0.0.202105311346/tools/bin/../lib/gcc/arm-none-eabi/9.3.1/../../../../arm-none-eabi/lib/thumb/v7e-m/nofp\libc_nano.a(lib_a-mprec.o)
                0x0000000008010964                __i2b
 .text.__multiply
                0x0000000008010990      0x14c c:/st/stm32cubeide_1.5.1/stm32cubeide/plugins/com.st.stm32cube.ide.mcu.externaltools.gnu-tools-for-stm32.9-2020-q2-update.win32_2.0.0.202105311346/tools/bin/../lib/gcc/arm-none-eabi/9.3.1/../../../../arm-none-eabi/lib/thumb/v7e-m/nofp\libc_nano.a(lib_a-mprec.o)
                0x0000000008010990                __multiply
 .text.__pow5mult
                0x0000000008010adc       0xb4 c:/st/stm32cubeide_1.5.1/stm32cubeide/plugins/com.st.stm32cube.ide.mcu.externaltools.gnu-tools-for-stm32.9-2020-q2-update.win32_2.0.0.202105311346/tools/bin/../lib/gcc/arm-none-eabi/9.3.1/../../../../arm-none-eabi/lib/thumb/v7e-m/nofp\libc_nano.a(lib_a-mprec.o)
                0x0000000008010adc                __pow5mult
 .text.__lshift
                0x0000000008010b90       0xd8 c:/st/stm32cubeide_1.5.1/stm32cubeide/plugins/com.st.stm32cube.ide.mcu.externaltools.gnu-tools-for-stm32.9-2020-q2-update.win32_2.0.0.202105311346/tools/bin/../lib/gcc/arm-none-eabi/9.3.1/../../../../arm-none-eabi/lib/thumb/v7e-m/nofp\libc_nano.a(lib_a-mprec.o)
                0x0000000008010b90                __lshift
 .text.__mcmp   0x0000000008010c68       0x36 c:/st/stm32cubeide_1.5.1/stm32cubeide/plugins/com.st.stm32cube.ide.mcu.externaltools.gnu-tools-for-stm32.9-2020-q2-update.win32_2.0.0.202105311346/tools/bin/../lib/gcc/arm-none-eabi/9.3.1/../../../../arm-none-eabi/lib/thumb/v7e-m/nofp\libc_nano.a(lib_a-mprec.o)
                0x0000000008010c68                __mcmp
 *fill*         0x0000000008010c9e        0x2 
 .text.__mdiff  0x0000000008010ca0      0x114 c:/st/stm32cubeide_1.5.1/stm32cubeide/plugins/com.st.stm32cube.ide.mcu.externaltools.gnu-tools-for-stm32.9-2020-q2-update.win32_2.0.0.202105311346/tools/bin/../lib/gcc/arm-none-eabi/9.3.1/../../../../arm-none-eabi/lib/thumb/v7e-m/nofp\libc_nano.a(lib_a-mprec.o)
                0x0000000008010ca0                __mdiff
 .text.__d2b    0x0000000008010db4       0xb8 c:/st/stm32cubeide_1.5.1/stm32cubeide/plugins/com.st.stm32cube.ide.mcu.externaltools.gnu-tools-for-stm32.9-2020-q2-update.win32_2.0.0.202105311346/tools/bin/../lib/gcc/arm-none-eabi/9.3.1/../../../../arm-none-eabi/lib/thumb/v7e-m/nofp\libc_nano.a(lib_a-mprec.o)
                0x0000000008010db4                __d2b
 .text._calloc_r
                0x0000000008010e6c       0x1c c:/st/stm32cubeide_1.5.1/stm32cubeide/plugins/com.st.stm32cube.ide.mcu.externaltools.gnu-tools-for-stm32.9-2020-q2-update.win32_2.0.0.202105311346/tools/bin/../lib/gcc/arm-none-eabi/9.3.1/../../../../arm-none-eabi/lib/thumb/v7e-m/nofp\libc_nano.a(lib_a-nano-callocr.o)
                0x0000000008010e6c                _calloc_r
 .text._free_r  0x0000000008010e88       0x9c c:/st/stm32cubeide_1.5.1/stm32cubeide/plugins/com.st.stm32cube.ide.mcu.externaltools.gnu-tools-for-stm32.9-2020-q2-update.win32_2.0.0.202105311346/tools/bin/../lib/gcc/arm-none-eabi/9.3.1/../../../../arm-none-eabi/lib/thumb/v7e-m/nofp\libc_nano.a(lib_a-nano-freer.o)
                0x0000000008010e88                _free_r
 .text._malloc_r
                0x0000000008010f24       0xb4 c:/st/stm32cubeide_1.5.1/stm32cubeide/plugins/com.st.stm32cube.ide.mcu.externaltools.gnu-tools-for-stm32.9-2020-q2-update.win32_2.0.0.202105311346/tools/bin/../lib/gcc/arm-none-eabi/9.3.1/../../../../arm-none-eabi/lib/thumb/v7e-m/nofp\libc_nano.a(lib_a-nano-mallocr.o)
                0x0000000008010f24                _malloc_r
 .text.__ssputs_r
                0x0000000008010fd8       0xb6 c:/st/stm32cubeide_1.5.1/stm32cubeide/plugins/com.st.stm32cube.ide.mcu.externaltools.gnu-tools-for-stm32.9-2020-q2-update.win32_2.0.0.202105311346/tools/bin/../lib/gcc/arm-none-eabi/9.3.1/../../../../arm-none-eabi/lib/thumb/v7e-m/nofp\libc_nano.a(lib_a-nano-svfprintf.o)
                0x0000000008010fd8                __ssputs_r
 *fill*         0x000000000801108e        0x2 
 .text._svfprintf_r
                0x0000000008011090      0x200 c:/st/stm32cubeide_1.5.1/stm32cubeide/plugins/com.st.stm32cube.ide.mcu.externaltools.gnu-tools-for-stm32.9-2020-q2-update.win32_2.0.0.202105311346/tools/bin/../lib/gcc/arm-none-eabi/9.3.1/../../../../arm-none-eabi/lib/thumb/v7e-m/nofp\libc_nano.a(lib_a-nano-svfprintf.o)
                0x0000000008011090                _svfiprintf_r
                0x0000000008011090                _svfprintf_r
 .text._sbrk_r  0x0000000008011290       0x20 c:/st/stm32cubeide_1.5.1/stm32cubeide/plugins/com.st.stm32cube.ide.mcu.externaltools.gnu-tools-for-stm32.9-2020-q2-update.win32_2.0.0.202105311346/tools/bin/../lib/gcc/arm-none-eabi/9.3.1/../../../../arm-none-eabi/lib/thumb/v7e-m/nofp\libc_nano.a(lib_a-sbrkr.o)
                0x0000000008011290                _sbrk_r
 .text.__assert_func
                0x00000000080112b0       0x3c c:/st/stm32cubeide_1.5.1/stm32cubeide/plugins/com.st.stm32cube.ide.mcu.externaltools.gnu-tools-for-stm32.9-2020-q2-update.win32_2.0.0.202105311346/tools/bin/../lib/gcc/arm-none-eabi/9.3.1/../../../../arm-none-eabi/lib/thumb/v7e-m/nofp\libc_nano.a(lib_a-assert.o)
                0x00000000080112b0                __assert_func
 .text.fprintf  0x00000000080112ec       0x24 c:/st/stm32cubeide_1.5.1/stm32cubeide/plugins/com.st.stm32cube.ide.mcu.externaltools.gnu-tools-for-stm32.9-2020-q2-update.win32_2.0.0.202105311346/tools/bin/../lib/gcc/arm-none-eabi/9.3.1/../../../../arm-none-eabi/lib/thumb/v7e-m/nofp\libc_nano.a(lib_a-fprintf.o)
                0x00000000080112ec                fiprintf
                0x00000000080112ec                fprintf
 .text.__ascii_mbtowc
                0x0000000008011310       0x24 c:/st/stm32cubeide_1.5.1/stm32cubeide/plugins/com.st.stm32cube.ide.mcu.externaltools.gnu-tools-for-stm32.9-2020-q2-update.win32_2.0.0.202105311346/tools/bin/../lib/gcc/arm-none-eabi/9.3.1/../../../../arm-none-eabi/lib/thumb/v7e-m/nofp\libc_nano.a(lib_a-mbtowc_r.o)
                0x0000000008011310                __ascii_mbtowc
 .text.memmove  0x0000000008011334       0x34 c:/st/stm32cubeide_1.5.1/stm32cubeide/plugins/com.st.stm32cube.ide.mcu.externaltools.gnu-tools-for-stm32.9-2020-q2-update.win32_2.0.0.202105311346/tools/bin/../lib/gcc/arm-none-eabi/9.3.1/../../../../arm-none-eabi/lib/thumb/v7e-m/nofp\libc_nano.a(lib_a-memmove.o)
                0x0000000008011334                memmove
 .text.__malloc_lock
                0x0000000008011368        0xc c:/st/stm32cubeide_1.5.1/stm32cubeide/plugins/com.st.stm32cube.ide.mcu.externaltools.gnu-tools-for-stm32.9-2020-q2-update.win32_2.0.0.202105311346/tools/bin/../lib/gcc/arm-none-eabi/9.3.1/../../../../arm-none-eabi/lib/thumb/v7e-m/nofp\libc_nano.a(lib_a-mlock.o)
                0x0000000008011368                __malloc_lock
 .text.__malloc_unlock
                0x0000000008011374        0xc c:/st/stm32cubeide_1.5.1/stm32cubeide/plugins/com.st.stm32cube.ide.mcu.externaltools.gnu-tools-for-stm32.9-2020-q2-update.win32_2.0.0.202105311346/tools/bin/../lib/gcc/arm-none-eabi/9.3.1/../../../../arm-none-eabi/lib/thumb/v7e-m/nofp\libc_nano.a(lib_a-mlock.o)
                0x0000000008011374                __malloc_unlock
 .text._realloc_r