stm32g4xx_ll_rcc.h:946:22:LL_RCC_HSE_Enable	4	static
stm32g4xx_ll_rcc.h:966:26:LL_RCC_HSE_IsReady	4	static
stm32g4xx_ll_rcc.h:1079:22:LL_RCC_HSI48_Enable	4	static
stm32g4xx_ll_rcc.h:1099:26:LL_RCC_HSI48_IsReady	4	static
stm32g4xx_ll_rcc.h:1342:22:LL_RCC_SetSysClkSource	16	static
stm32g4xx_ll_rcc.h:1355:26:LL_RCC_GetSysClkSource	4	static
stm32g4xx_ll_rcc.h:1375:22:LL_RCC_SetAHBPrescaler	16	static
stm32g4xx_ll_rcc.h:1391:22:LL_RCC_SetAPB1Prescaler	16	static
stm32g4xx_ll_rcc.h:1407:22:LL_RCC_SetAPB2Prescaler	16	static
stm32g4xx_ll_rcc.h:1676:22:LL_RCC_SetUSBClockSource	16	static
stm32g4xx_ll_rcc.h:1696:22:LL_RCC_SetADCClockSource	16	static
stm32g4xx_ll_rcc.h:2055:22:LL_RCC_PLL_Enable	4	static
stm32g4xx_ll_rcc.h:2076:26:LL_RCC_PLL_IsReady	4	static
stm32g4xx_ll_rcc.h:2119:22:LL_RCC_PLL_ConfigDomain_SYS	24	static
stm32g4xx_ll_rcc.h:2189:22:LL_RCC_PLL_ConfigDomain_ADC	24	static
stm32g4xx_ll_rcc.h:2380:22:LL_RCC_PLL_EnableDomain_ADC	4	static
stm32g4xx_ll_rcc.h:2428:22:LL_RCC_PLL_EnableDomain_SYS	4	static
stm32g4xx_ll_bus.h:245:22:LL_AHB1_GRP1_EnableClock	24	static
stm32g4xx_ll_system.h:1289:22:LL_FLASH_SetLatency	16	static
stm32g4xx_ll_system.h:1317:26:LL_FLASH_GetLatency	4	static
stm32g4xx_ll_pwr.h:342:22:LL_PWR_EnableRange1BoostMode	4	static
main.c:80:5:main	16	static
main.c:170:6:SystemClock_Config	8	static
main.c:227:6:HAL_TIM_PeriodElapsedCallback	16	static
main.c:238:6:HAL_ADC_ErrorCallback	16	static
main.c:241:6:HAL_ADC_ConvCpltCallback	16	static
main.c:252:6:HAL_ADC_ConvHalfCpltCallback	16	static
main.c:263:6:HAL_ADC_LevelOutOfWindowCallback	16	static
main.c:280:6:Error_Handler	8	static,ignoring_inline_asm
