stm32g4xx_it.c:77:6:NMI_Handler	4	static
stm32g4xx_it.c:92:6:HardFault_Handler	4	static
stm32g4xx_it.c:107:6:MemManage_Handler	4	static
stm32g4xx_it.c:122:6:BusFault_Handler	4	static
stm32g4xx_it.c:137:6:UsageFault_Handler	4	static
stm32g4xx_it.c:152:6:SVC_Handler	4	static
stm32g4xx_it.c:165:6:DebugMon_Handler	4	static
stm32g4xx_it.c:178:6:PendSV_Handler	4	static
stm32g4xx_it.c:191:6:SysTick_Handler	8	static
stm32g4xx_it.c:212:6:PVD_PVM_IRQHandler	8	static
stm32g4xx_it.c:226:6:FLASH_IRQHandler	8	static
stm32g4xx_it.c:240:6:RCC_IRQHandler	4	static
stm32g4xx_it.c:253:6:DMA1_Channel3_IRQHandler	8	static
stm32g4xx_it.c:267:6:ADC1_2_IRQHandler	8	static
stm32g4xx_it.c:282:6:USB_HP_IRQHandler	8	static
stm32g4xx_it.c:296:6:USB_LP_IRQHandler	8	static
stm32g4xx_it.c:310:6:TIM1_BRK_TIM15_IRQHandler	8	static
stm32g4xx_it.c:324:6:TIM1_UP_TIM16_IRQHandler	8	static
stm32g4xx_it.c:338:6:TIM1_TRG_COM_TIM17_IRQHandler	8	static
stm32g4xx_it.c:352:6:TIM1_CC_IRQHandler	8	static
stm32g4xx_it.c:366:6:TIM3_IRQHandler	8	static
stm32g4xx_it.c:380:6:TIM6_DAC_IRQHandler	8	static
stm32g4xx_it.c:394:6:DMA2_Channel2_IRQHandler	8	static
stm32g4xx_it.c:408:6:FPU_IRQHandler	4	static
