stm32g4xx_ll_adc.h:3655:22:LL_ADC_REG_SetTriggerSource	16	static
stm32g4xx_ll_adc.h:3880:22:LL_ADC_REG_SetSequencerLength	16	static
stm32g4xx_ll_adc.h:4443:22:LL_ADC_INJ_SetTriggerSource	16	static
stm32g4xx_ll_adc.h:4905:22:LL_ADC_INJ_SetQueueMode	16	static
stm32g4xx_ll_adc.h:6703:22:LL_ADC_Disable	16	static
stm32g4xx_ll_adc.h:6722:26:LL_ADC_IsEnabled	16	static
stm32g4xx_ll_adc.h:6733:26:LL_ADC_IsDisableOngoing	16	static
stm32g4xx_ll_adc.h:6828:22:LL_ADC_REG_StopConversion	16	static
stm32g4xx_ll_adc.h:6844:26:LL_ADC_REG_IsConversionOngoing	16	static
stm32g4xx_ll_adc.h:6855:26:LL_ADC_REG_IsStopConversionOngoing	16	static
stm32g4xx_ll_adc.h:7053:22:LL_ADC_INJ_StopConversion	16	static
stm32g4xx_ll_adc.h:7069:26:LL_ADC_INJ_IsConversionOngoing	16	static
stm32g4xx_ll_adc.h:7080:26:LL_ADC_INJ_IsStopConversionOngoing	16	static
stm32g4xx_ll_bus.h:583:22:LL_AHB2_GRP1_ForceReset	16	static
stm32g4xx_ll_bus.h:625:22:LL_AHB2_GRP1_ReleaseReset	16	static
stm32g4xx_ll_adc.c:658:13:LL_ADC_CommonDeInit	16	static
stm32g4xx_ll_adc.c:700:13:LL_ADC_CommonInit	32	static
stm32g4xx_ll_adc.c:782:6:LL_ADC_CommonStructInit	16	static
stm32g4xx_ll_adc.c:815:13:LL_ADC_DeInit	32	static
stm32g4xx_ll_adc.c:1095:13:LL_ADC_Init	24	static
stm32g4xx_ll_adc.c:1141:6:LL_ADC_StructInit	16	static
stm32g4xx_ll_adc.c:1183:13:LL_ADC_REG_Init	24	static
stm32g4xx_ll_adc.c:1275:6:LL_ADC_REG_StructInit	16	static
stm32g4xx_ll_adc.c:1327:13:LL_ADC_INJ_Init	24	static
stm32g4xx_ll_adc.c:1398:6:LL_ADC_INJ_StructInit	16	static
